---
source: packages/optimizer/core/src/test.rs
assertion_line: 0
expression: output
---
==INPUT==


		export default ({ data }: { data: any }) =>
            <div
              data-is-active={data.selectedOutputDetail === 'options'}
              onClick$={() => {
                data.selectedOutputDetail = 'options';
              }}
            />;
		

============================= test.tsx_div_q_e_click_belH9LIyH4c.js (ENTRY POINT)==

import { _captures } from "@qwik.dev/core";
export const div_q_e_click_belH9LIyH4c = () => {
	const data = _captures[0];
	data.selectedOutputDetail = "options";
};
;


Some("{\"version\":3,\"names\":[],\"sources\":[\"test.tsx_div_q_e_click_belH9LIyH4c\"],\"sourcesContent\":[\"import { _captures } from \\"@qwik.dev/core\\";\nexport const div_q_e_click_belH9LIyH4c = () => { const data = _captures[0];\n\n\tdata.selectedOutputDetail = \\"options\\";\n};;\"],\"mappings\":\"AAAA,SAAS,iBAAiB;AAC1B,OAAO,MAAM,kCAAkC;CAAE,MAAM,OAAO,UAAU;AAEvE,MAAK,uBAAuB;;AAC3B\"}")
/*
{
  "origin": "test.tsx",
  "name": "div_q_e_click_belH9LIyH4c",
  "entry": null,
  "displayName": "test.tsx_div_q_e_click",
  "hash": "belH9LIyH4c",
  "canonicalFilename": "test.tsx_div_q_e_click_belH9LIyH4c",
  "path": "",
  "extension": "js",
  "parent": null,
  "ctxKind": "eventHandler",
  "ctxName": "onClick$",
  "captures": true,
  "captureNames": [
    "data"
  ],
  "loc": [
    160,
    238
  ]
}
*/

============================= test.js ==

import { _fnSignal } from "@qwik.dev/core";
import { _jsxSorted } from "@qwik.dev/core";
const _hf0 = (p0) => p0.selectedOutputDetail === "options";
const q_div_q_e_click_belH9LIyH4c = qrl(() => import("./test.tsx_div_q_e_click_belH9LIyH4c"), "div_q_e_click_belH9LIyH4c", [data]);
export default (_rawProps) => {
	const data = _rawProps.data;
	return _jsxSorted("div", { "q:p": data }, {
		"data-is-active": _fnSignal(_hf0, [data], "p0 => p0.selectedOutputDetail === \"options\";"),
		"q-e:click": q_div_q_e_click_belH9LIyH4c.w([data])
	}, null, 7, "u6_0");
};


Some("{\"version\":3,\"names\":[\"ort \",\"ort default ({ data }: { da\",\"\n\t\texport\",\"defa\",\" ({ \"],\"sources\":[\"test.tsx\"],\"sourcesContent\":[\"\n\t\texport default ({ data }: { data: any }) =>\n            <div\n              data-is-active={data.selectedOutputDetail === 'options'}\n              onClick$={() => {\n                data.selectedOutputDetail = 'options';\n              }}\n            />;\n\t\t\"],\"mappings\":\"AAAA,0BACyB;AADzB,2BAC0B;AAD1B,MACKA,QAAO,mCACZ;AAFA,MACKC,wCAAwC,OACvC,yCACwB,6BAA6B,MAAM,CAAC;AAFhE,8BACU;;;oBAFZC,UACSC,MAAM,CAACC,KAAK,EAAE,iDAEd\"}")
== DIAGNOSTICS ==

[]
