---
source: packages/optimizer/core/src/test.rs
assertion_line: 0
expression: output
---
==INPUT==


import { $, component$, useSignal } from '@qwik.dev/core';
export const Works = component$(({fromProps}) => {
	let fromLocal = useSignal(0);
	return (
		<div
			computed={fromLocal + fromProps}
			local={fromLocal}
			props-wrap={fromProps}
			props-only={{props: fromProps}}
			props={{props: fromProps, local: fromLocal}}
				>
		</div>
	);
});


============================= test.tsx ==

import { _jsxSorted } from "@qwik.dev/core";
const q_Works_component_t45qL4vNGv0 = _noopQrl("Works_component_t45qL4vNGv0");
import { $, component$, useSignal } from "@qwik.dev/core";
export const Works = componentQrl(q_Works_component_t45qL4vNGv0);


Some("{\"version\":3,\"names\":[\"t { $, component$, useSignal \",\"component$\"],\"sources\":[\"test.tsx\"],\"sourcesContent\":[\"\nimport { $, component$, useSignal } from '@qwik.dev/core';\nexport const Works = component$(({fromProps}) => {\n\tlet fromLocal = useSignal(0);\n\treturn (\n\t\t<div\n\t\t\tcomputed={fromLocal + fromProps}\n\t\t\tlocal={fromLocal}\n\t\t\tprops-wrap={fromProps}\n\t\t\tprops-only={{props: fromProps}}\n\t\t\tprops={{props: fromProps, local: fromLocal}}\n\t\t\t\t>\n\t\t</div>\n\t);\n});\n\"],\"mappings\":\"AAAA,2BAC0B;AAD1B,MACKA,yCAAyC,8BAC7B;AADjB,SAAS,GAAG,YAAY,iBAAiB;AACzC,OAAO,MAAM,QAAQC,2CAYnB\"}")
== DIAGNOSTICS ==

[]
