---
source: packages/optimizer/core/src/test.rs
assertion_line: 0
expression: output
---
==INPUT==


import { component$, useStore, Slot } from '@qwik.dev/core';

export const App = component$((props: Stuff) => {
	return (
		<div>
			<Slot/>
		</div>
	);
});


============================= test.tsx ==

import { _jsxSorted } from "@qwik.dev/core";
const q_App_component_ckEPmXZlub0 = _noopQrl("App_component_ckEPmXZlub0");
import { component$, useStore, Slot } from "@qwik.dev/core";
export const App = componentQrl(q_App_component_ckEPmXZlub0);


Some("{\"version\":3,\"names\":[\"t { component$, useStore, S\",\"component$\"],\"sources\":[\"test.tsx\"],\"sourcesContent\":[\"\nimport { component$, useStore, Slot } from '@qwik.dev/core';\n\nexport const App = component$((props: Stuff) => {\n\treturn (\n\t\t<div>\n\t\t\t<Slot/>\n\t\t</div>\n\t);\n});\n\"],\"mappings\":\"AAAA,2BAC0B;AAD1B,MACKA,uCAAuC,4BAElC;AAFV,SAAS,YAAY,UAAU,YAAY;AAE3C,OAAO,MAAM,MAAMC,yCAMjB\"}")
== DIAGNOSTICS ==

[]
