---
source: packages/optimizer/core/src/test.rs
assertion_line: 0
expression: output
---
==INPUT==


import { $, component$ } from '@qwik.dev/core';

export const Foo = component$(() => {
	return $(() => {
		return (
			<div>
			</div>
		)
	});
}, {
	tagName: "my-foo",
});


============================= test.tsx_Foo_component_1_DvU6FitWglY.tsx (ENTRY POINT)==

import { qrl } from "@qwik.dev/core";
//
const q_Foo_component_HTDRsvUbLiE = /*#__PURE__*/ qrl(() => import("./test.tsx_Foo_component_HTDRsvUbLiE"), "Foo_component_HTDRsvUbLiE");
//
export const Foo_component_1_DvU6FitWglY = () => {
	return Qrl(q_Foo_component_HTDRsvUbLiE);
};

Some("{\"version\":3,\"names\":[],\"sources\":[\"test.tsx_Foo_component_1_DvU6FitWglY\"],\"sourcesContent\":[\"import { qrl } from \\"@qwik.dev/core\\";\nconst q_Foo_component_HTDRsvUbLiE = /*#__PURE__*/ qrl(() => import(\\"./test.tsx_Foo_component_HTDRsvUbLiE\\"), \\"Foo_component_HTDRsvUbLiE\\");\nexport const Foo_component_1_DvU6FitWglY = () => {\n\treturn Qrl(q_Foo_component_HTDRsvUbLiE);\n};\"],\"mappings\":\"AAAA,SAAS,WAAW;AACpB,MAAM,8BAA4C,0BAAU,OAAO,yCAAyC,4BAA4B;AACxI,OAAO,MAAM,oCAAoC;AAChD,QAAO,IAAI,4BAA4B\"}")
/*
{
  "origin": "test.tsx",
  "name": "Foo_component_1_DvU6FitWglY",
  "entry": null,
  "displayName": "test.tsx_Foo_component_1",
  "hash": "DvU6FitWglY",
  "canonicalFilename": "test.tsx_Foo_component_1_DvU6FitWglY",
  "path": "",
  "extension": "tsx",
  "parent": null,
  "ctxKind": "function",
  "ctxName": "component$",
  "captures": false,
  "loc": [
    81,
    147
  ]
}
*/

============================= test.tsx_Foo_component_HTDRsvUbLiE.tsx (ENTRY POINT)==

import { _jsxSorted } from "@qwik.dev/core";
//
export const Foo_component_HTDRsvUbLiE = () => {
	return /*#__PURE__*/ _jsxSorted("div", null, null, null, 3, "u6_0");
};

Some("{\"version\":3,\"names\":[],\"sources\":[\"test.tsx_Foo_component_HTDRsvUbLiE\"],\"sourcesContent\":[\"import { _jsxSorted } from \\"@qwik.dev/core\\";\nexport const Foo_component_HTDRsvUbLiE = () => {\n\treturn _jsxSorted(\\"div\\", null, null, null, 3, \\"u6_0\\");\n};\"],\"mappings\":\"AAAA,SAAS,kBAAkB;AAC3B,OAAO,MAAM,kCAAkC;AAC9C,QAAO,WAAW,OAAO,MAAM,MAAM,MAAM,GAAG,OAAO\"}")
/*
{
  "origin": "test.tsx",
  "name": "Foo_component_HTDRsvUbLiE",
  "entry": null,
  "displayName": "test.tsx_Foo_component",
  "hash": "HTDRsvUbLiE",
  "canonicalFilename": "test.tsx_Foo_component_HTDRsvUbLiE",
  "path": "",
  "extension": "tsx",
  "parent": "Foo_component_1_DvU6FitWglY",
  "ctxKind": "function",
  "ctxName": "$",
  "captures": false,
  "loc": [
    99,
    143
  ]
}
*/

============================= test.tsx ==

import { componentQrl } from "@qwik.dev/core";
import { qrl } from "@qwik.dev/core";
//
const q_Foo_component_1_DvU6FitWglY = /*#__PURE__*/ qrl(() => import("./test.tsx_Foo_component_1_DvU6FitWglY"), "Foo_component_1_DvU6FitWglY");
//
export const Foo = /*#__PURE__*/ componentQrl(q_Foo_component_1_DvU6FitWglY, { tagName: "my-foo" });

Some("{\"version\":3,\"names\":[\"t { $, component$ } from '@qw\",\"component$\"],\"sources\":[\"test.tsx\"],\"sourcesContent\":[\"\nimport { $, component$ } from '@qwik.dev/core';\n\nexport const Foo = component$(() => {\n\treturn $(() => {\n\t\treturn (\n\t\t\t<div>\n\t\t\t</div>\n\t\t)\n\t});\n}, {\n\ttagName: \\"my-foo\\",\n});\n\"],\"mappings\":\"AAAA,6BAC4B;AAD5B,oBACmB;AADnB,MACKA,gCAEH,0BAAU,OAAO,2CAEb,8BAIJ;AANF,OAAO,MAAM,MAAMC,4CAOhB,EACF,SAAS,UACT,CAAC\"}")
== DIAGNOSTICS ==

[]
