---
source: packages/optimizer/core/src/test.rs
assertion_line: 0
expression: output
---
==INPUT==


import { component$, useSignal } from '@qwik.dev/core';

export const Issue3742 = component$(({description = '', other}: any) => {
	const counter = useSignal(0);
	return (
		<div
		title={(description && 'description' in other) ? `Hello ${counter.value}` : `Bye ${counter.value}`}
		>
		Issue3742
		<button onClick$={() => counter.value++}>
			Increment
		</button>
		</div>
	)
	});
	

============================= test.tsx ==

import { componentQrl } from "@qwik.dev/core";
import { _noopQrl } from "@qwik.dev/core";
//
const _hf0 = (p0, p1, p2) => p1 && "p1" in p2 ? `Hello ${p0.value}` : `Bye ${p0.value}`;
const _hf0_str = "p1 && \"p1\" in p2 ? `Hello ${p0.value}` : `Bye ${p0.value}`";
//
const q_Issue3742_component_div_button_q_e_click_95Hlm8WgsYY = /*#__PURE__*/ _noopQrl("Issue3742_component_div_button_q_e_click_95Hlm8WgsYY");
const q_Issue3742_component_svSy0PlWTAw = /*#__PURE__*/ _noopQrl("Issue3742_component_svSy0PlWTAw");
//
export const Issue3742 = /*#__PURE__*/ componentQrl(q_Issue3742_component_svSy0PlWTAw);

Some("{\"version\":3,\"names\":[\"t { \",\"t { comp\",\"t { component$, useSignal } from '@qwik.dev/core';\n\nex\",\"t { component$, useSignal } from \",\"component$\"],\"sources\":[\"test.tsx\"],\"sourcesContent\":[\"\nimport { component$, useSignal } from '@qwik.dev/core';\n\nexport const Issue3742 = component$(({description = '', other}: any) => {\n\tconst counter = useSignal(0);\n\treturn (\n\t\t<div\n\t\ttitle={(description && 'description' in other) ? `Hello ${counter.value}` : `Bye ${counter.value}`}\n\t\t>\n\t\tIssue3742\n\t\t<button onClick$={() => counter.value++}>\n\t\t\tIncrement\n\t\t</button>\n\t\t</div>\n\t)\n\t});\n\t\"],\"mappings\":\"AAAA,6BAC4B;AAD5B,yBACwB;AADxB,MACKA,QAAQ,IAAI,IAAI,aAAa,aAAa,sBAEnC;AAHZ,MACKC,WAAW;AADhB,MACKC,yDAEc,yBAAS,uDACnB;AAJT,MACKC,oCAAkD,yBAEhD,kCAAkC;AAAzC,OAAO,MAAM,YAAYC,+CAYtB\"}")
== DIAGNOSTICS ==

[]
