---
source: packages/optimizer/core/src/test.rs
assertion_line: 0
expression: output
---
==INPUT==


import { $, component$ } from '@qwik.dev/core';

export const Foo = component$(({foo}) => {
	const arg0 = 20;
	return $(() => {
		const fn = ({aaa}) => aaa;
		return (
			<div>
				{foo}{fn()}{arg0}
			</div>
		)
	});
})

export const Bar = component$(({bar}) => {
	return $(() => {
		return (
			<div>
				{bar}
			</div>
		)
	});
})


============================= test.tsx_Bar_component_1_0xSyNSnVu3k.jsx (ENTRY POINT)==

import { qrl } from "@qwik.dev/core";
//
const q_Bar_component_L80pS8Hxf1Y = /*#__PURE__*/ qrl(() => import("./test.tsx_Bar_component_L80pS8Hxf1Y"), "Bar_component_L80pS8Hxf1Y", [bar]);
//
export const Bar_component_1_0xSyNSnVu3k = (_rawProps) => {
	const bar = _rawProps.bar;
	return Qrl(q_Bar_component_L80pS8Hxf1Y.w([bar]));
};

Some("{\"version\":3,\"names\":[],\"sources\":[\"test.tsx_Bar_component_1_0xSyNSnVu3k\"],\"sourcesContent\":[\"import { qrl } from \\"@qwik.dev/core\\";\nconst q_Bar_component_L80pS8Hxf1Y = /*#__PURE__*/ qrl(() => import(\\"./test.tsx_Bar_component_L80pS8Hxf1Y\\"), \\"Bar_component_L80pS8Hxf1Y\\", [bar]);\nexport const Bar_component_1_0xSyNSnVu3k = (_rawProps) => {\n\tconst bar = _rawProps.bar;\n\treturn Qrl(q_Bar_component_L80pS8Hxf1Y.w([bar]));\n};\"],\"mappings\":\"AAAA,SAAS,WAAW;AACpB,MAAM,8BAA4C,0BAAU,OAAO,yCAAyC,6BAA6B,CAAC,IAAI,CAAC;AAC/I,OAAO,MAAM,+BAA+B,cAAc;CACzD,MAAM,MAAM,UAAU;AACtB,QAAO,IAAI,4BAA4B,EAAE,CAAC,IAAI,CAAC,CAAC\"}")
/*
{
  "origin": "test.tsx",
  "name": "Bar_component_1_0xSyNSnVu3k",
  "entry": null,
  "displayName": "test.tsx_Bar_component_1",
  "hash": "0xSyNSnVu3k",
  "canonicalFilename": "test.tsx_Bar_component_1_0xSyNSnVu3k",
  "path": "",
  "extension": "jsx",
  "parent": null,
  "ctxKind": "function",
  "ctxName": "component$",
  "captures": false,
  "loc": [
    254,
    335
  ],
  "paramNames": [
    "_rawProps"
  ]
}
*/

============================= test.tsx_Foo_component_1_DvU6FitWglY.jsx (ENTRY POINT)==

import { qrl } from "@qwik.dev/core";
//
const q_Foo_component_HTDRsvUbLiE = /*#__PURE__*/ qrl(() => import("./test.tsx_Foo_component_HTDRsvUbLiE"), "Foo_component_HTDRsvUbLiE", [
//
	_rawProps,
	arg0,
	foo
]);
export const Foo_component_1_DvU6FitWglY = (_rawProps) => {
	const foo = _rawProps.foo;
	const arg0 = 20;
	return Qrl(q_Foo_component_HTDRsvUbLiE.w([
		_rawProps,
		arg0,
		foo
	]));
};

Some("{\"version\":3,\"names\":[],\"sources\":[\"test.tsx_Foo_component_1_DvU6FitWglY\"],\"sourcesContent\":[\"import { qrl } from \\"@qwik.dev/core\\";\nconst q_Foo_component_HTDRsvUbLiE = /*#__PURE__*/ qrl(() => import(\\"./test.tsx_Foo_component_HTDRsvUbLiE\\"), \\"Foo_component_HTDRsvUbLiE\\", [\n\t_rawProps,\n\targ0,\n\tfoo\n]);\nexport const Foo_component_1_DvU6FitWglY = (_rawProps) => {\n\tconst foo = _rawProps.foo;\n\tconst arg0 = 20;\n\treturn Qrl(q_Foo_component_HTDRsvUbLiE.w([\n\t\t_rawProps,\n\t\targ0,\n\t\tfoo\n\t]));\n};\"],\"mappings\":\"AAAA,SAAS,WAAW;AACpB,MAAM,8BAA4C,0BAAU,OAAO,yCAAyC,6BAA6B;CACxI;CACA;CACA;CACA,CAAC;AACF,OAAO,MAAM,+BAA+B,cAAc;CACzD,MAAM,MAAM,UAAU;CACtB,MAAM,OAAO;AACb,QAAO,IAAI,4BAA4B,EAAE;EACxC;EACA;EACA;EACA,CAAC,CAAC\"}")
/*
{
  "origin": "test.tsx",
  "name": "Foo_component_1_DvU6FitWglY",
  "entry": null,
  "displayName": "test.tsx_Foo_component_1",
  "hash": "DvU6FitWglY",
  "canonicalFilename": "test.tsx_Foo_component_1_DvU6FitWglY",
  "path": "",
  "extension": "jsx",
  "parent": null,
  "ctxKind": "function",
  "ctxName": "component$",
  "captures": false,
  "loc": [
    81,
    221
  ],
  "paramNames": [
    "_rawProps"
  ]
}
*/

============================= test.tsx_Foo_component_HTDRsvUbLiE.jsx (ENTRY POINT)==

import { _captures } from "@qwik.dev/core";
import { _jsxSorted } from "@qwik.dev/core";
//
export const Foo_component_HTDRsvUbLiE = () => {
	const _rawProps = _captures[0];
	const arg0 = _captures[1];
	const foo = _captures[2];
	const fn = (_rawProps) => {
		const aaa = _rawProps.aaa;
		return aaa;
	};
	return /*#__PURE__*/ _jsxSorted("div", null, null, [
		foo,
		fn(),
		arg0
	], 3, "u6_0");
};

Some("{\"version\":3,\"names\":[],\"sources\":[\"test.tsx_Foo_component_HTDRsvUbLiE\"],\"sourcesContent\":[\"import { _captures } from \\"@qwik.dev/core\\";\nimport { _jsxSorted } from \\"@qwik.dev/core\\";\nexport const Foo_component_HTDRsvUbLiE = () => { const _rawProps = _captures[0];\nconst arg0 = _captures[1];\nconst foo = _captures[2];\n\n\tconst fn = (_rawProps) => {\n\t\tconst aaa = _rawProps.aaa;\n\t\treturn aaa;\n\t};\n\treturn _jsxSorted(\\"div\\", null, null, [\n\t\tfoo,\n\t\tfn(),\n\t\targ0\n\t], 3, \\"u6_0\\");\n};\"],\"mappings\":\"AAAA,SAAS,iBAAiB;AAC1B,SAAS,kBAAkB;AAC3B,OAAO,MAAM,kCAAkC;CAAE,MAAM,YAAY,UAAU;CAC7E,MAAM,OAAO,UAAU;CACvB,MAAM,MAAM,UAAU;CAErB,MAAM,MAAM,cAAc;EACzB,MAAM,MAAM,UAAU;AACtB,SAAO;;AAER,QAAO,WAAW,OAAO,MAAM,MAAM;EACpC;EACA,IAAI;EACJ;EACA,EAAE,GAAG,OAAO\"}")
/*
{
  "origin": "test.tsx",
  "name": "Foo_component_HTDRsvUbLiE",
  "entry": null,
  "displayName": "test.tsx_Foo_component",
  "hash": "HTDRsvUbLiE",
  "canonicalFilename": "test.tsx_Foo_component_HTDRsvUbLiE",
  "path": "",
  "extension": "jsx",
  "parent": "Foo_component_1_DvU6FitWglY",
  "ctxKind": "function",
  "ctxName": "$",
  "captures": true,
  "captureNames": [
    "_rawProps",
    "arg0",
    "foo"
  ],
  "loc": [
    122,
    217
  ]
}
*/

============================= test.tsx_Bar_component_L80pS8Hxf1Y.jsx (ENTRY POINT)==

import { _captures } from "@qwik.dev/core";
import { _jsxSorted } from "@qwik.dev/core";
//
export const Bar_component_L80pS8Hxf1Y = () => {
	const bar = _captures[0];
	return /*#__PURE__*/ _jsxSorted("div", null, null, bar, 3, "u6_1");
};

Some("{\"version\":3,\"names\":[],\"sources\":[\"test.tsx_Bar_component_L80pS8Hxf1Y\"],\"sourcesContent\":[\"import { _captures } from \\"@qwik.dev/core\\";\nimport { _jsxSorted } from \\"@qwik.dev/core\\";\nexport const Bar_component_L80pS8Hxf1Y = () => { const bar = _captures[0];\n\n\treturn _jsxSorted(\\"div\\", null, null, bar, 3, \\"u6_1\\");\n};\"],\"mappings\":\"AAAA,SAAS,iBAAiB;AAC1B,SAAS,kBAAkB;AAC3B,OAAO,MAAM,kCAAkC;CAAE,MAAM,MAAM,UAAU;AAEtE,QAAO,WAAW,OAAO,MAAM,MAAM,KAAK,GAAG,OAAO\"}")
/*
{
  "origin": "test.tsx",
  "name": "Bar_component_L80pS8Hxf1Y",
  "entry": null,
  "displayName": "test.tsx_Bar_component",
  "hash": "L80pS8Hxf1Y",
  "canonicalFilename": "test.tsx_Bar_component_L80pS8Hxf1Y",
  "path": "",
  "extension": "jsx",
  "parent": "Bar_component_1_0xSyNSnVu3k",
  "ctxKind": "function",
  "ctxName": "$",
  "captures": true,
  "captureNames": [
    "bar"
  ],
  "loc": [
    277,
    331
  ]
}
*/

============================= test.jsx ==

import { componentQrl } from "@qwik.dev/core";
import { qrl } from "@qwik.dev/core";
//
const q_Foo_component_1_DvU6FitWglY = /*#__PURE__*/ qrl(() => import("./test.tsx_Foo_component_1_DvU6FitWglY"), "Foo_component_1_DvU6FitWglY");
const q_Bar_component_1_0xSyNSnVu3k = /*#__PURE__*/ qrl(() => import("./test.tsx_Bar_component_1_0xSyNSnVu3k"), "Bar_component_1_0xSyNSnVu3k");
//
export const Foo = /*#__PURE__*/ componentQrl(q_Foo_component_1_DvU6FitWglY);
export const Bar = /*#__PURE__*/ componentQrl(q_Bar_component_1_0xSyNSnVu3k);

Some("{\"version\":3,\"names\":[\"t { $, component$ } from '@qw\",\"component$\"],\"sources\":[\"test.tsx\"],\"sourcesContent\":[\"\nimport { $, component$ } from '@qwik.dev/core';\n\nexport const Foo = component$(({foo}) => {\n\tconst arg0 = 20;\n\treturn $(() => {\n\t\tconst fn = ({aaa}) => aaa;\n\t\treturn (\n\t\t\t<div>\n\t\t\t\t{foo}{fn()}{arg0}\n\t\t\t</div>\n\t\t)\n\t});\n})\n\nexport const Bar = component$(({bar}) => {\n\treturn $(() => {\n\t\treturn (\n\t\t\t<div>\n\t\t\t\t{bar}\n\t\t\t</div>\n\t\t)\n\t});\n})\n\"],\"mappings\":\"AAAA,6BAC4B;AAD5B,oBACmB;AADnB,MACKA,gCAEH,0BAAU,OAAO,2CAElB,8BACY;AANb,MACKA,gCAEH,0BAAU,OAAO,2CAElB,8BACY;AAHb,OAAO,MAAM,MAAMC,2CAUjB;AAEF,OAAO,MAAM,MAAMA,2CAQjB\"}")
== DIAGNOSTICS ==

[]
