---
source: packages/optimizer/core/src/test.rs
assertion_line: 0
expression: output
---
==INPUT==


import { component$, useStore } from '@qwik.dev/core';

export const App = component$(() => {
	const store = useStore({
		count: 0,
		stuff: 0,
		nested: {
			count: 0
		}
	});
	const signal = useSignal(0);
	return (
		<Cmp
			prop={'true' + 1 ? 'true' : ''}
			count={store.count}
			nested={store.nested.count}
			signal={signal}
			store={store.stuff + 12}
			value={signal.formData?.get('username')}
		>
		</Cmp>
	);
});

export const Cmp = component$((props) => {
	return (
		<>
			<p data-value={props.count}>{props.nested.count}</p>
			<p>Value {props.count}<span></span></p>
		</>
	);
});


============================= test.tsx_Cmp_component_4ryKJTOKjWE.js (ENTRY POINT)==

export const Cmp_component_4ryKJTOKjWE = (props) => {
	return <>
			<p data-value={props.count}>{props.nested.count}</p>
			<p>Value {props.count}<span></span></p>
		</>;
};;

/*
{
  "origin": "test.tsx",
  "name": "Cmp_component_4ryKJTOKjWE",
  "entry": null,
  "displayName": "test.tsx_Cmp_component",
  "hash": "4ryKJTOKjWE",
  "canonicalFilename": "test.tsx_Cmp_component_4ryKJTOKjWE",
  "path": "",
  "extension": "js",
  "parent": null,
  "ctxKind": "function",
  "ctxName": "component$",
  "captures": false,
  "loc": [
    458,
    596
  ],
  "paramNames": [
    "props"
  ]
}
*/

============================= test.tsx_App_component_ckEPmXZlub0.js (ENTRY POINT)==

import { Cmp } from "./test";
import { useStore } from "@qwik.dev/core";
export const App_component_ckEPmXZlub0 = () => {
	const store = useStore({
		count: 0,
		stuff: 0,
		nested: { count: 0 }
	});
	const signal = useSignal(0);
	return <Cmp>
		</Cmp>;
};;

/*
{
  "origin": "test.tsx",
  "name": "App_component_ckEPmXZlub0",
  "entry": null,
  "displayName": "test.tsx_App_component",
  "hash": "ckEPmXZlub0",
  "canonicalFilename": "test.tsx_App_component_ckEPmXZlub0",
  "path": "",
  "extension": "js",
  "parent": null,
  "ctxKind": "function",
  "ctxName": "component$",
  "captures": false,
  "loc": [
    88,
    424
  ]
}
*/

============================= test.js ==

const q_App_component_ckEPmXZlub0 = qrl(() => import("./test.tsx_App_component_ckEPmXZlub0"), "App_component_ckEPmXZlub0");
const q_Cmp_component_4ryKJTOKjWE = qrl(() => import("./test.tsx_Cmp_component_4ryKJTOKjWE"), "Cmp_component_4ryKJTOKjWE");
import { component$, useStore } from "@qwik.dev/core";
export const App = componentQrl(q_App_component_ckEPmXZlub0);
export const Cmp = componentQrl(q_Cmp_component_4ryKJTOKjWE);


Some("{\"version\":3,\"names\":[\"t { component$, useStore } \",\"component$\"],\"sources\":[\"test.tsx\"],\"sourcesContent\":[\"\nimport { component$, useStore } from '@qwik.dev/core';\n\nexport const App = component$(() => {\n\tconst store = useStore({\n\t\tcount: 0,\n\t\tstuff: 0,\n\t\tnested: {\n\t\t\tcount: 0\n\t\t}\n\t});\n\tconst signal = useSignal(0);\n\treturn (\n\t\t<Cmp\n\t\t\tprop={'true' + 1 ? 'true' : ''}\n\t\t\tcount={store.count}\n\t\t\tnested={store.nested.count}\n\t\t\tsignal={signal}\n\t\t\tstore={store.stuff + 12}\n\t\t\tvalue={signal.formData?.get('username')}\n\t\t>\n\t\t</Cmp>\n\t);\n});\n\nexport const Cmp = component$((props) => {\n\treturn (\n\t\t<>\n\t\t\t<p data-value={props.count}>{props.nested.count}</p>\n\t\t\t<p>Value {props.count}<span></span></p>\n\t\t</>\n\t);\n});\n\"],\"mappings\":\"AAAA,MACKA,wCAAwC,OAAO,yCAEf,4BAEpC;AALD,MACKA,wCAAwC,OAAO,yCAEf,4BAEpC;AAJD,SAAS,YAAY,gBAAgB;AAErC,OAAO,MAAM,MAAMC,yCAoBjB;AAEF,OAAO,MAAM,MAAMA,yCAOjB\"}")
== DIAGNOSTICS ==

[]
