---
source: packages/optimizer/core/src/test.rs
assertion_line: 0
expression: output
---
==INPUT==


import { component$ } from '@qwik.dev/core';
import { sibling } from './sibling';

export default component$(() => {
	return (
		<div onClick$={() => console.log(mongodb, sibling)}>
		</div>
	);
});



============================= src/routes/_repl/[id]/[[...slug]].tsx_component_6n0k9fnD07Y.js ==

const q_component_div_q_e_click_P7qCHvSpPGg = qrl(() => import("./[[...slug]].tsx_component_div_q_e_click_P7qCHvSpPGg.tsx"), "component_div_q_e_click_P7qCHvSpPGg");
export const component_6n0k9fnD07Y = () => {
	return _jsxSorted("div", null, { "q-e:click": q_component_div_q_e_click_P7qCHvSpPGg }, null, 3, "W4_0");
};
;


Some("{\"version\":3,\"names\":[],\"sources\":[\"[[...slug]].tsx_component_6n0k9fnD07Y\"],\"sourcesContent\":[\"const q_component_div_q_e_click_P7qCHvSpPGg = qrl(() => import(\\"./[[...slug]].tsx_component_div_q_e_click_P7qCHvSpPGg.tsx\\"), \\"component_div_q_e_click_P7qCHvSpPGg\\");\nexport const component_6n0k9fnD07Y = () => {\n\treturn _jsxSorted(\\"div\\", null, { \\"q-e:click\\": q_component_div_q_e_click_P7qCHvSpPGg }, null, 3, \\"W4_0\\");\n};;\"],\"mappings\":\"AAAA,MAAM,wCAAwC,UAAU,OAAO,8DAA8D,sCAAsC;AACnK,OAAO,MAAM,8BAA8B;AAC1C,QAAO,WAAW,OAAO,MAAM,EAAE,aAAa,uCAAuC,EAAE,MAAM,GAAG,OAAO;;AACtG\"}")
/*
{
  "origin": "src/routes/_repl/[id]/[[...slug]].tsx",
  "name": "component_6n0k9fnD07Y",
  "entry": "src/routes/_repl/[id]/[[...slug]].tsx_entry_component",
  "displayName": "[[...slug]].tsx_component",
  "hash": "6n0k9fnD07Y",
  "canonicalFilename": "[[...slug]].tsx_component_6n0k9fnD07Y",
  "path": "src/routes/_repl/[id]",
  "extension": "js",
  "parent": null,
  "ctxKind": "function",
  "ctxName": "component$",
  "captures": false,
  "loc": [
    111,
    198
  ]
}
*/

============================= src/routes/_repl/[id]/[[...slug]].tsx_component_div_q_e_click_P7qCHvSpPGg.js (ENTRY POINT)==

import { sibling } from "./sibling";
export const component_div_q_e_click_P7qCHvSpPGg = () => console.log(mongodb, sibling);
;


Some("{\"version\":3,\"names\":[],\"sources\":[\"[[...slug]].tsx_component_div_q_e_click_P7qCHvSpPGg\"],\"sourcesContent\":[\"import { sibling } from \\"./sibling\\";\nexport const component_div_q_e_click_P7qCHvSpPGg = () => console.log(mongodb, sibling);;\"],\"mappings\":\"AAAA,SAAS,eAAe;AACxB,OAAO,MAAM,4CAA4C,QAAQ,IAAI,SAAS,QAAQ;AAAC\"}")
/*
{
  "origin": "src/routes/_repl/[id]/[[...slug]].tsx",
  "name": "component_div_q_e_click_P7qCHvSpPGg",
  "entry": null,
  "displayName": "[[...slug]].tsx_component_div_q_e_click",
  "hash": "P7qCHvSpPGg",
  "canonicalFilename": "[[...slug]].tsx_component_div_q_e_click_P7qCHvSpPGg",
  "path": "src/routes/_repl/[id]",
  "extension": "js",
  "parent": "component_6n0k9fnD07Y",
  "ctxKind": "eventHandler",
  "ctxName": "onClick$",
  "captures": false,
  "loc": [
    146,
    181
  ]
}
*/

============================= src/routes/_repl/[id]/[[...slug]].js ==

import { _jsxSorted } from "@qwik.dev/core";
const q_component_6n0k9fnD07Y = qrl(() => import("./[[...slug]].tsx_component_6n0k9fnD07Y.tsx"), "component_6n0k9fnD07Y");
import { component$ } from "@qwik.dev/core";
import { sibling } from "./sibling";
export default componentQrl(q_component_6n0k9fnD07Y);


Some("{\"version\":3,\"names\":[\" component\",\"t { component$ } from '\",\"ik.\",\"component$\"],\"sources\":[\"src/routes/_repl/[id]/[[...slug]].tsx\"],\"sourcesContent\":[\"\nimport { component$ } from '@qwik.dev/core';\nimport { sibling } from './sibling';\n\nexport default component$(() => {\n\treturn (\n\t\t<div onClick$={() => console.log(mongodb, sibling)}>\n\t\t</div>\n\t);\n});\n\n\"],\"mappings\":\"AAAA,SACQA,kBAAkB;AAD1B,MACKC,0BAA0BC,UAAU,OACtC,gDAEU,wBACV;AAJH,SAAS,kBAAkB;AAC3B,SAAS,eAAe;AAExB,eAAeC,qCAKb\"}")
== DIAGNOSTICS ==

[]
