---
source: packages/optimizer/core/src/test.rs
assertion_line: 0
expression: output
---
==INPUT==


import { component$ } from '@qwik.dev/core';

export default component$(() => {
	return (
		<div onClick$={() => console.log(mongodb)}>
		</div>
	);
});



============================= src/components/mongo/404.tsx__404_component_div_q_e_click_aMLnLWtkRhc.tsx (ENTRY POINT)==

export const _404_component_div_q_e_click_aMLnLWtkRhc = () => console.log(mongodb);
;


Some("{\"version\":3,\"names\":[],\"sources\":[\"404.tsx__404_component_div_q_e_click_aMLnLWtkRhc\"],\"sourcesContent\":[\"export const _404_component_div_q_e_click_aMLnLWtkRhc = () => console.log(mongodb);;\"],\"mappings\":\"AAAA,OAAO,MAAM,iDAAiD,QAAQ,IAAI,QAAQ;AAAC\"}")
/*
{
  "origin": "src/components/mongo/404.tsx",
  "name": "_404_component_div_q_e_click_aMLnLWtkRhc",
  "entry": null,
  "displayName": "404.tsx__404_component_div_q_e_click",
  "hash": "aMLnLWtkRhc",
  "canonicalFilename": "404.tsx__404_component_div_q_e_click_aMLnLWtkRhc",
  "path": "src/components/mongo",
  "extension": "tsx",
  "parent": "_404_component_zRvoWc98eqo",
  "ctxKind": "eventHandler",
  "ctxName": "onClick$",
  "captures": false,
  "loc": [
    109,
    135
  ]
}
*/

============================= src/components/mongo/404.tsx__404_component_zRvoWc98eqo.tsx (ENTRY POINT)==

export const _404_component_zRvoWc98eqo = () => {
	return <div>
		</div>;
};;

/*
{
  "origin": "src/components/mongo/404.tsx",
  "name": "_404_component_zRvoWc98eqo",
  "entry": null,
  "displayName": "404.tsx__404_component",
  "hash": "zRvoWc98eqo",
  "canonicalFilename": "404.tsx__404_component_zRvoWc98eqo",
  "path": "src/components/mongo",
  "extension": "tsx",
  "parent": null,
  "ctxKind": "function",
  "ctxName": "component$",
  "captures": false,
  "loc": [
    74,
    152
  ]
}
*/

============================= src/components/mongo/404.tsx ==

const q__404_component_div_q_e_click_aMLnLWtkRhc = qrl(() => import("./404.tsx__404_component_div_q_e_click_aMLnLWtkRhc"), "_404_component_div_q_e_click_aMLnLWtkRhc");
const q__404_component_zRvoWc98eqo = qrl(() => import("./404.tsx__404_component_zRvoWc98eqo"), "_404_component_zRvoWc98eqo");
import { component$ } from "@qwik.dev/core";
export default componentQrl(q__404_component_zRvoWc98eqo);


Some("{\"version\":3,\"names\":[\"t { component$ } from '@qwik.dev/core';\n\ne\",\"t { component$ } from '@qwik\",\"component$\"],\"sources\":[\"src/components/mongo/404.tsx\"],\"sourcesContent\":[\"\nimport { component$ } from '@qwik.dev/core';\n\nexport default component$(() => {\n\treturn (\n\t\t<div onClick$={() => console.log(mongodb)}>\n\t\t</div>\n\t);\n});\n\n\"],\"mappings\":\"AAAA,MACKA,uDAES,OAAO,uDAEW;AALhC,MACKC,yCAEL,OAAO,yCAEH,6BAA6B;AAJjC,SAAS,kBAAkB;AAE3B,eAAeC,0CAKb\"}")
== DIAGNOSTICS ==

[]
