---
source: packages/optimizer/core/src/test.rs
assertion_line: 0
expression: output
---
==INPUT==


import { component$, $ } from '@qwik.dev/core';
import json from "./foo.json" assert { type: "json" };

export const Greeter = component$(() => {
	return json;
});


============================= test.tsx_Greeter_component_n7HuG2hhU0Q.js (ENTRY POINT)==

import { default as json } from "./foo.json";
export const Greeter_component_n7HuG2hhU0Q = () => {
	return json;
};
;


Some("{\"version\":3,\"names\":[],\"sources\":[\"test.tsx_Greeter_component_n7HuG2hhU0Q\"],\"sourcesContent\":[\"import { default as json } from \\"./foo.json\\";\nexport const Greeter_component_n7HuG2hhU0Q = () => {\n\treturn json;\n};;\"],\"mappings\":\"AAAA,SAAS,WAAW,YAAY;AAChC,OAAO,MAAM,sCAAsC;AAClD,QAAO;;AACN\"}")
/*
{
  "origin": "test.tsx",
  "name": "Greeter_component_n7HuG2hhU0Q",
  "displayName": "test.tsx_Greeter_component",
  "hash": "n7HuG2hhU0Q",
  "canonicalFilename": "test.tsx_Greeter_component_n7HuG2hhU0Q",
  "path": "",
  "extension": "js",
  "ctxKind": "function",
  "ctxName": "component$",
  "captures": false,
  "loc": [
    128,
    163
  ]
}
*/

============================= test.js ==

const q_Greeter_component_n7HuG2hhU0Q = qrl(() => import("./test.tsx_Greeter_component_n7HuG2hhU0Q"), "Greeter_component_n7HuG2hhU0Q");
import { component$, $ } from "@qwik.dev/core";
import json from "./foo.json" assert { type: "json" };
export const Greeter = componentQrl(q_Greeter_component_n7HuG2hhU0Q);


Some("{\"version\":3,\"names\":[\"t { component$, $ } from '@qwik\",\"v/c\",\"component$\"],\"sources\":[\"test.tsx\"],\"sourcesContent\":[\"\nimport { component$, $ } from '@qwik.dev/core';\nimport json from \\"./foo.json\\" assert { type: \\"json\\" };\n\nexport const Greeter = component$(() => {\n\treturn json;\n});\n\"],\"mappings\":\"AAAA,MACKA,kCAAkCC,UACtC,OAAO,6CAA6C,gCAExB;AAH7B,SAAS,YAAY,SAAS;AAC9B,OAAO,UAAU,aAAoB,eAAQ;AAE7C,OAAO,MAAM,UAAUC,6CAErB\"}")
== DIAGNOSTICS ==

[]
