---
source: packages/optimizer/core/src/test.rs
assertion_line: 0
expression: output
---
==INPUT==


import { component$ } from '@qwik.dev/core';

export const App2 = component$(() => {
	const signal = useSignal();
	const computed = signal.value + 'foo';
	return (
		<>
			<div className="hola"></div>
			<div className={signal.value}></div>
			<div className={signal}></div>
			<div className={computed}></div>

			<Foo className="hola"></Foo>
			<Foo className={signal.value}></Foo>
			<Foo className={signal}></Foo>
			<Foo className={computed}></Foo>
		</>
	);
});


============================= test.tsx_App2_component_3yveMqbQ3Fs.js (ENTRY POINT)==

export const App2_component_3yveMqbQ3Fs = () => {
	const signal = useSignal();
	const computed = signal.value + "foo";
	return <>
			<div></div>
			<div></div>
			<div></div>
			<div></div>

			<Foo></Foo>
			<Foo></Foo>
			<Foo></Foo>
			<Foo></Foo>
		</>;
};

/*
{
  "origin": "test.tsx",
  "name": "App2_component_3yveMqbQ3Fs",
  "entry": null,
  "displayName": "test.tsx_App2_component",
  "hash": "3yveMqbQ3Fs",
  "canonicalFilename": "test.tsx_App2_component_3yveMqbQ3Fs",
  "path": "",
  "extension": "js",
  "parent": null,
  "ctxKind": "function",
  "ctxName": "component$",
  "captures": false,
  "loc": [
    79,
    467
  ]
}
*/

============================= test.js ==

import { _wrapProp } from "@qwik.dev/core";
import { componentQrl } from "@qwik.dev/core";
import { qrl } from "@qwik.dev/core";
//
const q_App2_component_3yveMqbQ3Fs = /*#__PURE__*/ qrl(() => import("./test.tsx_App2_component_3yveMqbQ3Fs.tsx"), "App2_component_3yveMqbQ3Fs");
//
export const App2 = /*#__PURE__*/ componentQrl(q_App2_component_3yveMqbQ3Fs);

Some("{\"version\":3,\"names\":[\"t { component$ } from '@qwik\",\"component$\"],\"sources\":[\"test.tsx\"],\"sourcesContent\":[\"\nimport { component$ } from '@qwik.dev/core';\n\nexport const App2 = component$(() => {\n\tconst signal = useSignal();\n\tconst computed = signal.value + 'foo';\n\treturn (\n\t\t<>\n\t\t\t<div className=\\"hola\\"></div>\n\t\t\t<div className={signal.value}></div>\n\t\t\t<div className={signal}></div>\n\t\t\t<div className={computed}></div>\n\n\t\t\t<Foo className=\\"hola\\"></Foo>\n\t\t\t<Foo className={signal.value}></Foo>\n\t\t\t<Foo className={signal}></Foo>\n\t\t\t<Foo className={computed}></Foo>\n\t\t</>\n\t);\n});\n\"],\"mappings\":\"AAAA,0BACyB;AADzB,6BAC4B;AAD5B,oBACmB;AADnB,MACKA,+BAED,0BAAU,OAAO,8CACO,6BACA;AAF5B,OAAO,MAAM,OAAOC,0CAgBlB\"}")
== DIAGNOSTICS ==

[]
