---
source: packages/optimizer/core/src/test.rs
assertion_line: 0
expression: output
---
==INPUT==


import { $, component$, server$, useStyle$, useTask$, useSignal } from '@qwik.dev/core';

export const Works = component$((props) => {
	useStyle$(STYLES);
	const text = 'hola';
	const sig = useSignal('hola');
	useTask$(() => {
		console.log(sig.value, text);
	});
	return (
		<div onClick$={server$(() => console.log('in server', sig.value, text))}></div>
	);
});

const STYLES = '.class {}';


============================= test.tsx ==

import { $, component$, server$, useStyle$, useTask$, useSignal } from "@qwik.dev/core";
export const Works = componentQrl(inlinedQrl((props) => {
	useStyleQrl(inlinedQrl(STYLES, "Works_component_useStyle_i40UL9JyQpg"));
	const text = "hola";
	const sig = useSignal("hola");
	useTaskQrl(inlinedQrl((_captures) => {
		const sig = _captures[0];
		const text = _captures[1];
		console.log(sig.value, text);
	}, "Works_component_useTask_pjo5U5Ikll0", [sig, text]));
	return <div></div>;
}, "Works_component_t45qL4vNGv0"));
const STYLES = ".class {}";


Some("{\"version\":3,\"names\":[\"component$\"],\"sources\":[\"test.tsx\"],\"sourcesContent\":[\"\nimport { $, component$, server$, useStyle$, useTask$, useSignal } from '@qwik.dev/core';\n\nexport const Works = component$((props) => {\n\tuseStyle$(STYLES);\n\tconst text = 'hola';\n\tconst sig = useSignal('hola');\n\tuseTask$(() => {\n\t\tconsole.log(sig.value, text);\n\t});\n\treturn (\n\t\t<div onClick$={server$(() => console.log('in server', sig.value, text))}></div>\n\t);\n});\n\nconst STYLES = '.class {}';\n\"],\"mappings\":\"AACA,SAAS,GAAG,YAAY,SAAS,WAAW,UAAU,iBAAiB;AAEvE,OAAO,MAAM,QAAQA,yBAAY,UAAU;AAC1C,wBAAU,gDAAO;CACjB,MAAM,OAAO;CACb,MAAM,MAAM,UAAU,OAAO;AAC7B;;;AACC,UAAQ,IAAI,IAAI,OAAO,KAAK;wDAC3B;AACF,SACE,IAAwE,EAAE;kCAE3E;AAEF,MAAM,SAAS\"}")
== DIAGNOSTICS ==

[]
