---
source: packages/optimizer/core/src/test.rs
assertion_line: 0
expression: output
---
==INPUT==


import { $, component$ } from '@qwik.dev/core';
const Header = $((decl1, {decl2}, [decl3]) => {

	const hola = ident1.no;
	ident2;
	const a = ident1 + ident3;
	const b = ident1 + ident3;
	ident4(ident5, [ident6], {ident7}, {key: ident8});
	class Some {
		prop = ident9;
		method() {
			return ident10;
		}
	}

	return (
		<div onClick={(ident11) => ident11 + ident12} required={false}/>
	)
});


============================= project/test.tsx_Header_WlR3xnI6u38.tsx (ENTRY POINT)==

export const Header_WlR3xnI6u38 = (decl1, { decl2 }, [decl3]) => {
	const hola = ident1.no;
	ident2;
	const a = ident1 + ident3;
	const b = ident1 + ident3;
	ident4(ident5, [ident6], { ident7 }, { key: ident8 });
	class Some {
		prop = ident9;
		method() {
			return ident10;
		}
	}
	return <div />;
};;

/*
{
  "origin": "project/test.tsx",
  "name": "Header_WlR3xnI6u38",
  "entry": null,
  "displayName": "test.tsx_Header",
  "hash": "WlR3xnI6u38",
  "canonicalFilename": "test.tsx_Header_WlR3xnI6u38",
  "path": "project",
  "extension": "tsx",
  "parent": null,
  "ctxKind": "function",
  "ctxName": "$",
  "captures": false,
  "loc": [
    67,
    393
  ],
  "paramNames": [
    "decl1",
    "{decl2}",
    "[decl3]"
  ]
}
*/

============================= project/test.tsx ==

const q_Header_WlR3xnI6u38 = qrl(() => import("./test.tsx_Header_WlR3xnI6u38"), "Header_WlR3xnI6u38");
import { $, component$ } from "@qwik.dev/core";
const Header = Qrl(q_Header_WlR3xnI6u38);


Some("{\"version\":3,\"names\":[\"t { $, component$ } \",\"$\"],\"sources\":[\"project/test.tsx\"],\"sourcesContent\":[\"\nimport { $, component$ } from '@qwik.dev/core';\nconst Header = $((decl1, {decl2}, [decl3]) => {\n\n\tconst hola = ident1.no;\n\tident2;\n\tconst a = ident1 + ident3;\n\tconst b = ident1 + ident3;\n\tident4(ident5, [ident6], {ident7}, {key: ident8});\n\tclass Some {\n\t\tprop = ident9;\n\t\tmethod() {\n\t\t\treturn ident10;\n\t\t}\n\t}\n\n\treturn (\n\t\t<div onClick={(ident11) => ident11 + ident12} required={false}/>\n\t)\n});\n\"],\"mappings\":\"AAAA,MACKA,iCAAiC,OAAO,kCACd,qBAE5B;AAHH,SAAS,GAAG,kBAAkB;AAC9B,MAAM,SAASC,yBAiBb\"}")
== DIAGNOSTICS ==

[]
