---
source: packages/optimizer/core/src/test.rs
assertion_line: 0
expression: output
---
==INPUT==


import { $, component$, useStore } from '@qwik.dev/core';
const Header = component$(() => {
	const thing = useStore();
	const {foo, bar} = foo();

	return (
		<div>{thing}</div>
	);
});


============================= test.tsx_Header_component_J4uyIhaBNR4.tsx (ENTRY POINT)==

import { useStore } from "@qwik.dev/core";
export const Header_component_J4uyIhaBNR4 = () => {
	const thing = useStore();
	const { foo, bar } = foo();
	return <div>{thing}</div>;
};;

/*
{
  "origin": "test.tsx",
  "name": "Header_component_J4uyIhaBNR4",
  "entry": null,
  "displayName": "test.tsx_Header_component",
  "hash": "J4uyIhaBNR4",
  "canonicalFilename": "test.tsx_Header_component_J4uyIhaBNR4",
  "path": "",
  "extension": "tsx",
  "parent": null,
  "ctxKind": "function",
  "ctxName": "component$",
  "captures": false,
  "loc": [
    86,
    185
  ]
}
*/

============================= test.tsx ==

const q_Header_component_J4uyIhaBNR4 = qrl(() => import("./test.tsx_Header_component_J4uyIhaBNR4"), "Header_component_J4uyIhaBNR4");
import { $, component$, useStore } from "@qwik.dev/core";
const Header = componentQrl(q_Header_component_J4uyIhaBNR4);


Some("{\"version\":3,\"names\":[\"t { $, component$, useStore } \",\"component$\"],\"sources\":[\"test.tsx\"],\"sourcesContent\":[\"\nimport { $, component$, useStore } from '@qwik.dev/core';\nconst Header = component$(() => {\n\tconst thing = useStore();\n\tconst {foo, bar} = foo();\n\n\treturn (\n\t\t<div>{thing}</div>\n\t);\n});\n\"],\"mappings\":\"AAAA,MACKA,2CAA2C,OAAO,4CAEhD,+BACI;AAHX,SAAS,GAAG,YAAY,gBAAgB;AACxC,MAAM,SAASC,4CAOb\"}")
== DIAGNOSTICS ==

[]
