---
source: packages/optimizer/core/src/test.rs
assertion_line: 0
expression: output
---
==INPUT==


import { component$ } from '@qwik.dev/core';

export const Issue3795 = component$(() => {
	let base = "foo";
	const firstAssignment = base;
	base += "bar";
	const secondAssignment = base;
	return (
		<div id='issue-3795-result'>{firstAssignment} {secondAssignment}</div>
	)
	});


============================= test.tsx ==

import { _jsxSorted } from "@qwik.dev/core";
const q_Issue3795_component_wsE8beycatI = _noopQrl("Issue3795_component_wsE8beycatI");
import { component$ } from "@qwik.dev/core";
export const Issue3795 = componentQrl(q_Issue3795_component_wsE8beycatI);


Some("{\"version\":3,\"names\":[\" component\",\"t { component$ } from '@qwik.dev/\",\"e';\n\nexp\",\"component$\"],\"sources\":[\"test.tsx\"],\"sourcesContent\":[\"\nimport { component$ } from '@qwik.dev/core';\n\nexport const Issue3795 = component$(() => {\n\tlet base = \\"foo\\";\n\tconst firstAssignment = base;\n\tbase += \\"bar\\";\n\tconst secondAssignment = base;\n\treturn (\n\t\t<div id='issue-3795-result'>{firstAssignment} {secondAssignment}</div>\n\t)\n\t});\n\"],\"mappings\":\"AAAA,SACQA,kBAAkB;AAD1B,MACKC,oCAAoCC,SAErC,kCAAkC;AAFtC,SAAS,kBAAkB;AAE3B,OAAO,MAAM,YAAYC,+CAQtB\"}")
== DIAGNOSTICS ==

[]
