---
source: packages/optimizer/core/src/test.rs
assertion_line: 0
expression: output
---
==INPUT==


import { component$, useStore } from '@qwik.dev/core';

export const App = component$(() => {
	return (
		<Cmp>
			<p class="stuff" onClick$={() => console.log('warn')}>Hello Qwik</p>
		</Cmp>
	);
});


============================= test.tsx_App_component_Cmp_p_q_e_click_Yl4ybrJWrt4.js ==

export const App_component_Cmp_p_q_e_click_Yl4ybrJWrt4 = () => console.log("warn");
;


Some("{\"version\":3,\"names\":[],\"sources\":[\"test.tsx_App_component_Cmp_p_q_e_click_Yl4ybrJWrt4\"],\"sourcesContent\":[\"export const App_component_Cmp_p_q_e_click_Yl4ybrJWrt4 = () => console.log(\\"warn\\");;\"],\"mappings\":\"AAAA,OAAO,MAAM,kDAAkD,QAAQ,IAAI,OAAO;AAAC\"}")
/*
{
  "origin": "test.tsx",
  "name": "App_component_Cmp_p_q_e_click_Yl4ybrJWrt4",
  "entry": "entry_segments",
  "displayName": "test.tsx_App_component_Cmp_p_q_e_click",
  "hash": "Yl4ybrJWrt4",
  "canonicalFilename": "test.tsx_App_component_Cmp_p_q_e_click_Yl4ybrJWrt4",
  "path": "",
  "extension": "js",
  "parent": "App_component_ckEPmXZlub0",
  "ctxKind": "eventHandler",
  "ctxName": "onClick$",
  "captures": false,
  "loc": [
    144,
    169
  ]
}
*/

============================= test.js ==

const q_App_component_Cmp_p_q_e_click_Yl4ybrJWrt4 = qrlDEV(() => import("./test.tsx_App_component_Cmp_p_q_e_click_Yl4ybrJWrt4"), "App_component_Cmp_p_q_e_click_Yl4ybrJWrt4", [], {
	file: "test.tsx",
	lo: 143,
	hi: 168,
	displayName: "test.tsx_App_component_Cmp_p_q_e_click"
});
const q_App_component_ckEPmXZlub0 = _noopQrlDEV("App_component_ckEPmXZlub0", [], {
	file: "test.tsx",
	lo: 0,
	hi: 0,
	displayName: "App_component_ckEPmXZlub0"
});
import { component$, useStore } from "@qwik.dev/core";
export const App = componentQrl(q_App_component_ckEPmXZlub0);


Some("{\"version\":3,\"names\":[\"t { component$, useStore } from '@qwik.dev/\",\"t { component$, useStore } \",\"component$\"],\"sources\":[\"test.tsx\"],\"sourcesContent\":[\"\nimport { component$, useStore } from '@qwik.dev/core';\n\nexport const App = component$(() => {\n\treturn (\n\t\t<Cmp>\n\t\t\t<p class=\\"stuff\\" onClick$={() => console.log('warn')}>Hello Qwik</p>\n\t\t</Cmp>\n\t);\n});\n\"],\"mappings\":\"AAAA,MACKA,2DAEG,OAAO,yDAGC,6CAA6C,EAAE,EAAE;OAC/D;KAGA;KAAU;cAAmB;;AAV/B,MACKC,0CAA0C,6BAE3B,EAAE,EAAE;OAAS;KAE/B;KACA;cAAiB;CAA6B,CAAC;AALjD,SAAS,YAAY,gBAAgB;AAErC,OAAO,MAAM,MAAMC,yCAMjB\"}")
== DIAGNOSTICS ==

[]
