---
source: packages/optimizer/core/src/test.rs
assertion_line: 0
expression: output
---
==INPUT==


import { component$, useStore } from '@qwik.dev/core';

export const App = component$(() => {
	return (
		<Cmp>
			<p class="stuff" onClick$={() => console.log('warn')}>Hello Qwik</p>
		</Cmp>
	);
});


============================= test.tsx ==

import { componentQrl } from "@qwik.dev/core";
//
const q_App_component_Cmp_p_q_e_click_Yl4ybrJWrt4 = /*#__PURE__*/ _noopQrlDEV("App_component_Cmp_p_q_e_click_Yl4ybrJWrt4", [], {
	file: "test.tsx",
	lo: 0,
	hi: 0,
	displayName: "App_component_Cmp_p_q_e_click_Yl4ybrJWrt4"
});
const q_App_component_ckEPmXZlub0 = /*#__PURE__*/ _noopQrlDEV("App_component_ckEPmXZlub0", [], {
//
	file: "test.tsx",
	lo: 0,
	hi: 0,
	displayName: "App_component_ckEPmXZlub0"
});
export const App = /*#__PURE__*/ componentQrl(q_App_component_ckEPmXZlub0);

Some("{\"version\":3,\"names\":[\"t { component$, useStore } from '@qwik.dev/\",\"t { component$, useStore } \",\"component$\"],\"sources\":[\"test.tsx\"],\"sourcesContent\":[\"\nimport { component$, useStore } from '@qwik.dev/core';\n\nexport const App = component$(() => {\n\treturn (\n\t\t<Cmp>\n\t\t\t<p class=\\"stuff\\" onClick$={() => console.log('warn')}>Hello Qwik</p>\n\t\t</Cmp>\n\t);\n});\n\"],\"mappings\":\"AAAA,6BAC4B;AAD5B,MACKA,8CAEI,4BAAY,6CAGX,EAAE,EAAE;OAAS;KAAiB;KAAQ;cAAiB;;AANjE,MACKC,8BAA4C,4BAE5C,6BAA6B,EAAE,EACpC;OAAS;KAED;KAAQ;cAAiB;CAA6B,CAAC;AAH/D,OAAO,MAAM,MAAMC,yCAMjB\"}")
== DIAGNOSTICS ==

[]
