---
source: packages/optimizer/core/src/test.rs
assertion_line: 0
expression: output
---
==INPUT==


import { component$ } from '@qwik.dev/core';

export default component$(() => {
	return (
		<div onClick$={() => console.log(mongodb)}>
		</div>
	);
});



============================= src/components/mongo/index.tsx_mongo_component_div_q_e_click_jncbxvZVtWY.tsx ==

export const mongo_component_div_q_e_click_jncbxvZVtWY = () => console.log(mongodb);
;


Some("{\"version\":3,\"names\":[],\"sources\":[\"index.tsx_mongo_component_div_q_e_click_jncbxvZVtWY\"],\"sourcesContent\":[\"export const mongo_component_div_q_e_click_jncbxvZVtWY = () => console.log(mongodb);;\"],\"mappings\":\"AAAA,OAAO,MAAM,kDAAkD,QAAQ,IAAI,QAAQ;AAAC\"}")
/*
{
  "origin": "src/components/mongo/index.tsx",
  "name": "mongo_component_div_q_e_click_jncbxvZVtWY",
  "entry": "entry_segments",
  "displayName": "index.tsx_mongo_component_div_q_e_click",
  "hash": "jncbxvZVtWY",
  "canonicalFilename": "index.tsx_mongo_component_div_q_e_click_jncbxvZVtWY",
  "path": "src/components/mongo",
  "extension": "tsx",
  "parent": "mongo_component_ouWLj4jA2oI",
  "ctxKind": "eventHandler",
  "ctxName": "onClick$",
  "captures": false,
  "loc": [
    109,
    135
  ]
}
*/

============================= src/components/mongo/index.tsx ==

const q_mongo_component_div_q_e_click_jncbxvZVtWY = qrl(() => import("./index.tsx_mongo_component_div_q_e_click_jncbxvZVtWY"), "mongo_component_div_q_e_click_jncbxvZVtWY");
const q_mongo_component_ouWLj4jA2oI = _noopQrl("mongo_component_ouWLj4jA2oI");
import { component$ } from "@qwik.dev/core";
export default componentQrl(q_mongo_component_ouWLj4jA2oI);


Some("{\"version\":3,\"names\":[\"t { component$ } from '@qwik.dev/core';\n\nex\",\"t { component$ } from '@qwik.\",\"component$\"],\"sources\":[\"src/components/mongo/index.tsx\"],\"sourcesContent\":[\"\nimport { component$ } from '@qwik.dev/core';\n\nexport default component$(() => {\n\treturn (\n\t\t<div onClick$={() => console.log(mongodb)}>\n\t\t</div>\n\t);\n});\n\n\"],\"mappings\":\"AAAA,MACKA,wDAEU,OAAO,0DAEc;AALpC,MACKC,yCAEL,8BAA8B;AAF9B,SAAS,kBAAkB;AAE3B,eAAeC,2CAKb\"}")
== DIAGNOSTICS ==

[]
