---
source: packages/optimizer/core/src/test.rs
assertion_line: 0
expression: output
---
==INPUT==


		import { component$, component$, $ } from "@qwik.dev/core";

		export const TestGetsHmr = component$(() => {
			return <div>Test</div>;
		});
		export const TestNoHmr = componentQrl($(() => {
			return <div>Test</div>;
		}));
		

============================= test.tsx_TestGetsHmr_component_jBUoou0sxX4.js (ENTRY POINT)==

import { _jsxSorted } from "@qwik.dev/core";
//
export const TestGetsHmr_component_jBUoou0sxX4 = () => {
	return /*#__PURE__*/ _jsxSorted("div", null, null, "Test", 3, "u6_0");
};

Some("{\"version\":3,\"names\":[],\"sources\":[\"test.tsx_TestGetsHmr_component_jBUoou0sxX4\"],\"sourcesContent\":[\"import { _jsxSorted } from \\"@qwik.dev/core\\";\nexport const TestGetsHmr_component_jBUoou0sxX4 = () => {\n\treturn _jsxSorted(\\"div\\", null, null, \\"Test\\", 3, \\"u6_0\\");\n};\"],\"mappings\":\"AAAA,SAAS,kBAAkB;AAC3B,OAAO,MAAM,0CAA0C;AACtD,QAAO,WAAW,OAAO,MAAM,MAAM,QAAQ,GAAG,OAAO\"}")
/*
{
  "origin": "test.tsx",
  "name": "TestGetsHmr_component_jBUoou0sxX4",
  "entry": null,
  "displayName": "test.tsx_TestGetsHmr_component",
  "hash": "jBUoou0sxX4",
  "canonicalFilename": "test.tsx_TestGetsHmr_component_jBUoou0sxX4",
  "path": "",
  "extension": "js",
  "parent": null,
  "ctxKind": "function",
  "ctxName": "component$",
  "captures": false,
  "loc": [
    105,
    143
  ]
}
*/

============================= test.tsx_TestNoHmr_componentQrl_Uqk3jGTNmYs.js (ENTRY POINT)==

import { _jsxSorted } from "@qwik.dev/core";
//
export const TestNoHmr_componentQrl_Uqk3jGTNmYs = () => {
	return /*#__PURE__*/ _jsxSorted("div", null, null, "Test", 3, "u6_1");
};

Some("{\"version\":3,\"names\":[],\"sources\":[\"test.tsx_TestNoHmr_componentQrl_Uqk3jGTNmYs\"],\"sourcesContent\":[\"import { _jsxSorted } from \\"@qwik.dev/core\\";\nexport const TestNoHmr_componentQrl_Uqk3jGTNmYs = () => {\n\treturn _jsxSorted(\\"div\\", null, null, \\"Test\\", 3, \\"u6_1\\");\n};\"],\"mappings\":\"AAAA,SAAS,kBAAkB;AAC3B,OAAO,MAAM,2CAA2C;AACvD,QAAO,WAAW,OAAO,MAAM,MAAM,QAAQ,GAAG,OAAO\"}")
/*
{
  "origin": "test.tsx",
  "name": "TestNoHmr_componentQrl_Uqk3jGTNmYs",
  "entry": null,
  "displayName": "test.tsx_TestNoHmr_componentQrl",
  "hash": "Uqk3jGTNmYs",
  "canonicalFilename": "test.tsx_TestNoHmr_componentQrl_Uqk3jGTNmYs",
  "path": "",
  "extension": "js",
  "parent": null,
  "ctxKind": "function",
  "ctxName": "$",
  "captures": false,
  "loc": [
    188,
    226
  ]
}
*/

============================= test.js ==

import { componentQrl } from "@qwik.dev/core";
import { qrlDEV } from "@qwik.dev/core";
//
const q_TestGetsHmr_component_jBUoou0sxX4 = /*#__PURE__*/ qrlDEV(() => import("./test.tsx_TestGetsHmr_component_jBUoou0sxX4"), "TestGetsHmr_component_jBUoou0sxX4", [], {
	file: "test.tsx",
	lo: 104,
	hi: 142,
	displayName: "test.tsx_TestGetsHmr_component"
});
const q_TestNoHmr_componentQrl_Uqk3jGTNmYs = /*#__PURE__*/ qrlDEV(() => import("./test.tsx_TestNoHmr_componentQrl_Uqk3jGTNmYs"), "TestNoHmr_componentQrl_Uqk3jGTNmYs", [], {
//
	file: "test.tsx",
	lo: 187,
	hi: 225,
	displayName: "test.tsx_TestNoHmr_componentQrl"
});
export const TestGetsHmr = /*#__PURE__*/ componentQrl(q_TestGetsHmr_component_jBUoou0sxX4);
export const TestNoHmr = /*#__PURE__*/ componentQrl(Qrl(q_TestNoHmr_componentQrl_Uqk3jGTNmYs));

Some("{\"version\":3,\"names\":[\"ort { component$, component$, $ } f\",\"ort { component$, component$, $ } fr\",\"component$\",\"$\"],\"sources\":[\"test.tsx\"],\"sourcesContent\":[\"\n\t\timport { component$, component$, $ } from \\"@qwik.dev/core\\";\n\n\t\texport const TestGetsHmr = component$(() => {\n\t\t\treturn <div>Test</div>;\n\t\t});\n\t\texport const TestNoHmr = componentQrl($(() => {\n\t\t\treturn <div>Test</div>;\n\t\t}));\n\t\t\"],\"mappings\":\"AAAA,6BAC4B;AAD5B,uBACsB;AADtB,MACKA,sCAAoD,6BAElD,OAAO,iDACC,qCAEI,EAAE,EAAE;OAAS;KAAiB;KACxC;cACR;;AARD,MACKC,uCAAqD,6BAElD,OAAO,kDACE,sCAEK,EAAE,EAAE;OAAS;KACjC;KAAU;cACR;;AALF,OAAO,MAAM,cAAcC,iDAEzB;AACF,OAAO,MAAM,YAAY,aAAaC,yCAEpC,CAAC\"}")
== DIAGNOSTICS ==

[]
