---
source: packages/optimizer/core/src/test.rs
assertion_line: 0
expression: output
---
==INPUT==


		import { component$ } from '@qwik.dev/core';
		export const Counter = component$(() => {
			const count = useSignal(0);

			return (
				<div>
					<p>Count: {count.value}</p>
					<p>
						<button onClick$={() => count.value++}>Increment</button>
					</p>
				</div>
			);
		});


============================= test.tsx_Counter_component_div_p_button_q_e_click_Pq1pmfmJWUI.ts (ENTRY POINT)==

import { _captures } from "@qwik.dev/core";
export const Counter_component_div_p_button_q_e_click_Pq1pmfmJWUI = () => {
	const count = _captures[0];
	return count.value++;
	;
};


Some("{\"version\":3,\"names\":[],\"sources\":[\"test.tsx_Counter_component_div_p_button_q_e_click_Pq1pmfmJWUI\"],\"sourcesContent\":[\"import { _captures } from \\"@qwik.dev/core\\";\nexport const Counter_component_div_p_button_q_e_click_Pq1pmfmJWUI = () => {\nconst count = _captures[0];\nreturn count.value++;;\n};\"],\"mappings\":\"AAAA,SAAS,iBAAiB;AAC1B,OAAO,MAAM,6DAA6D;CAC1E,MAAM,QAAQ,UAAU;AACxB,QAAO,MAAM;AAAQ\"}")
/*
{
  "origin": "test.tsx",
  "name": "Counter_component_div_p_button_q_e_click_Pq1pmfmJWUI",
  "entry": null,
  "displayName": "test.tsx_Counter_component_div_p_button_q_e_click",
  "hash": "Pq1pmfmJWUI",
  "canonicalFilename": "test.tsx_Counter_component_div_p_button_q_e_click_Pq1pmfmJWUI",
  "path": "",
  "extension": "ts",
  "parent": "Counter_component_zTmRHlL09Gg",
  "ctxKind": "eventHandler",
  "ctxName": "onClick$",
  "captures": true,
  "captureNames": [
    "count"
  ],
  "loc": [
    213,
    232
  ],
  "paramNames": [
    "_",
    "_1",
    "count"
  ]
}
*/

============================= test.tsx_Counter_component_zTmRHlL09Gg.ts (ENTRY POINT)==

export const Counter_component_zTmRHlL09Gg = () => {
	const count = useSignal(0);
	return <div>
					<p>Count: {count.value}</p>
					<p>
						<button>Increment</button>
					</p>
				</div>;
};;

/*
{
  "origin": "test.tsx",
  "name": "Counter_component_zTmRHlL09Gg",
  "entry": null,
  "displayName": "test.tsx_Counter_component",
  "hash": "zTmRHlL09Gg",
  "canonicalFilename": "test.tsx_Counter_component_zTmRHlL09Gg",
  "path": "",
  "extension": "ts",
  "parent": null,
  "ctxKind": "function",
  "ctxName": "component$",
  "captures": false,
  "loc": [
    85,
    283
  ]
}
*/

============================= test.ts ==

const q_Counter_component_div_p_button_q_e_click_Pq1pmfmJWUI = qrl(() => import("./test.tsx_Counter_component_div_p_button_q_e_click_Pq1pmfmJWUI"), "Counter_component_div_p_button_q_e_click_Pq1pmfmJWUI", [count]);
const q_Counter_component_zTmRHlL09Gg = qrl(() => import("./test.tsx_Counter_component_zTmRHlL09Gg"), "Counter_component_zTmRHlL09Gg");
import { component$ } from "@qwik.dev/core";
export const Counter = componentQrl(q_Counter_component_zTmRHlL09Gg);


Some("{\"version\":3,\"names\":[\"ort { component$ } from '@qwik.dev/core';\n\t\texport con\",\"ort { component$ } from '@qwik.\",\"component$\"],\"sources\":[\"test.tsx\"],\"sourcesContent\":[\"\n\t\timport { component$ } from '@qwik.dev/core';\n\t\texport const Counter = component$(() => {\n\t\t\tconst count = useSignal(0);\n\n\t\t\treturn (\n\t\t\t\t<div>\n\t\t\t\t\t<p>Count: {count.value}</p>\n\t\t\t\t\t<p>\n\t\t\t\t\t\t<button onClick$={() => count.value++}>Increment</button>\n\t\t\t\t\t</p>\n\t\t\t\t</div>\n\t\t\t);\n\t\t});\n\"],\"mappings\":\"AAAA,MACKA,mEACoB,OAAO,oEAK9B,wDAEc,OAAO,CAAC;AATxB,MACKC,4CACH,OAAO,6CACC,gCAEA;AAJR,SAAS,kBAAkB;AAC3B,OAAO,MAAM,UAAUC,6CAWrB\"}")
== DIAGNOSTICS ==

[]
