---
source: packages/optimizer/core/src/test.rs
assertion_line: 0
expression: output
---
==INPUT==


import { component$ } from '@qwik.dev/core';

// Root-level self-referential component
// The QRL should NOT be hoisted before the component function is defined
// or should use two-phase emission to avoid forward reference
export const Tree = component$((props) => {
	return (
		<div>
			{props.label}
			{props.children && props.children.map((child) => <Tree {...child} />)}
		</div>
	);
});


============================= test.tsx_Tree_component_T0k10EAlawU.tsx (ENTRY POINT)==

import { Tree } from "./test";
export const Tree_component_T0k10EAlawU = (props) => {
	return <div>
			{props.label}
			{props.children && props.children.map((child) => <Tree />)}
		</div>;
};;

/*
{
  "origin": "test.tsx",
  "name": "Tree_component_T0k10EAlawU",
  "entry": null,
  "displayName": "test.tsx_Tree_component",
  "hash": "T0k10EAlawU",
  "canonicalFilename": "test.tsx_Tree_component_T0k10EAlawU",
  "path": "",
  "extension": "tsx",
  "parent": null,
  "ctxKind": "function",
  "ctxName": "component$",
  "captures": false,
  "loc": [
    257,
    393
  ],
  "paramNames": [
    "props"
  ]
}
*/

============================= test.tsx ==

import { _getVarProps } from "@qwik.dev/core";
import { _getConstProps } from "@qwik.dev/core";
const q_Tree_component_T0k10EAlawU = qrl(() => import("./test.tsx_Tree_component_T0k10EAlawU"), "Tree_component_T0k10EAlawU");
import { component$ } from "@qwik.dev/core";
// Root-level self-referential component
// The QRL should NOT be hoisted before the component function is defined
// or should use two-phase emission to avoid forward reference
export const Tree = componentQrl(q_Tree_component_T0k10EAlawU);


Some("{\"version\":3,\"names\":[\"t { component$ } from '@qwik\",\"component$\"],\"sources\":[\"test.tsx\"],\"sourcesContent\":[\"\nimport { component$ } from '@qwik.dev/core';\n\n// Root-level self-referential component\n// The QRL should NOT be hoisted before the component function is defined\n// or should use two-phase emission to avoid forward reference\nexport const Tree = component$((props) => {\n\treturn (\n\t\t<div>\n\t\t\t{props.label}\n\t\t\t{props.children && props.children.map((child) => <Tree {...child} />)}\n\t\t</div>\n\t);\n});\n\"],\"mappings\":\"AAAA,6BAC4B;AAD5B,+BAC8B;AAD9B,MACKA,yCAEL,OAAO,0CACC,6BAA6B;AAHrC,SAAS,kBAAkB;;;;AAK3B,OAAO,MAAM,OAAOC,0CAOlB\"}")
== DIAGNOSTICS ==

[]
