---
source: packages/optimizer/core/src/test.rs
assertion_line: 0
expression: output
---
==INPUT==


		import { component$ } from '@qwik.dev/core';

		export default component$((props: any) => {
			return <button {...props} onClick$={() => props.onClick$()}></button>;
		});
		

============================= test.tsx_component_1_vX1B9oMEgiI.js (ENTRY POINT)==

const q_component_ZUK1E201Ins = qrl(() => import("./test.tsx_component_ZUK1E201Ins"), "component_ZUK1E201Ins", [props]);
export const component_1_vX1B9oMEgiI = (props: any) => {
	return _jsxSplit("button", { ..._getVarProps(props) }, {
		..._getConstProps(props),
		"q-e:click": q_component_ZUK1E201Ins.w([props])
	}, null, 0, "u6_0");
};;

/*
{
  "origin": "test.tsx",
  "name": "component_1_vX1B9oMEgiI",
  "entry": null,
  "displayName": "test.tsx_component_1",
  "hash": "vX1B9oMEgiI",
  "canonicalFilename": "test.tsx_component_1_vX1B9oMEgiI",
  "path": "",
  "extension": "js",
  "parent": null,
  "ctxKind": "function",
  "ctxName": "component$",
  "captures": false,
  "loc": [
    78,
    173
  ],
  "paramNames": [
    "props"
  ]
}
*/

============================= test.tsx_component_ZUK1E201Ins.js (ENTRY POINT)==

import { _captures } from "@qwik.dev/core";
export const component_ZUK1E201Ins = () => {
	const props = _captures[0];
	return props.onClick$();
	;
};


Some("{\"version\":3,\"names\":[],\"sources\":[\"test.tsx_component_ZUK1E201Ins\"],\"sourcesContent\":[\"import { _captures } from \\"@qwik.dev/core\\";\nexport const component_ZUK1E201Ins = () => {\nconst props = _captures[0];\nreturn props.onClick$();;\n};\"],\"mappings\":\"AAAA,SAAS,iBAAiB;AAC1B,OAAO,MAAM,8BAA8B;CAC3C,MAAM,QAAQ,UAAU;AACxB,QAAO,MAAM,UAAU;AAAC\"}")
/*
{
  "origin": "test.tsx",
  "name": "component_ZUK1E201Ins",
  "entry": null,
  "displayName": "test.tsx_component",
  "hash": "ZUK1E201Ins",
  "canonicalFilename": "test.tsx_component_ZUK1E201Ins",
  "path": "",
  "extension": "js",
  "parent": "component_1_vX1B9oMEgiI",
  "ctxKind": "eventHandler",
  "ctxName": "onClick",
  "captures": true,
  "captureNames": [
    "props"
  ],
  "loc": [
    135,
    157
  ]
}
*/

============================= test.js ==

import { _getVarProps } from "@qwik.dev/core";
import { _getConstProps } from "@qwik.dev/core";
import { _jsxSplit } from "@qwik.dev/core";
const q_component_1_vX1B9oMEgiI = qrl(() => import("./test.tsx_component_1_vX1B9oMEgiI"), "component_1_vX1B9oMEgiI");
import { component$ } from "@qwik.dev/core";
export default componentQrl(q_component_1_vX1B9oMEgiI);


Some("{\"version\":3,\"names\":[\" { component\",\" { component$ \",\" { compon\",\"ort { component$ } from '\",\"ik.\",\"component$\"],\"sources\":[\"test.tsx\"],\"sourcesContent\":[\"\n\t\timport { component$ } from '@qwik.dev/core';\n\n\t\texport default component$((props: any) => {\n\t\t\treturn <button {...props} onClick$={() => props.onClick$()}></button>;\n\t\t});\n\t\t\"],\"mappings\":\"AAAA,SACQA,oBAAoB;AAD5B,SACQC,sBAAsB;AAD9B,SACQC,iBAAiB;AADzB,MACKC,4BAA4BC,UAAU,OAEzC,uCAAuC,0BACpB;AAHnB,SAAS,kBAAkB;AAE3B,eAAeC,uCAEb\"}")
== DIAGNOSTICS ==

[]
