---
source: packages/optimizer/core/src/test.rs
assertion_line: 0
expression: output
---
==INPUT==


import { component$, useSignal } from "@qwik.dev/core";
import { A } from "./componentA";

export const Cmp = component$(() => {
	const currentStep = useSignal('STEP_1');
	const currentType = useSignal<'NEXT' | 'PREVIOUS'>('PREVIOUS');

	const getStep = (step: string, type: 'NEXT' | 'PREVIOUS') => {
		return step === 'STEP_1' ? 'STEP_2' : 'STEP_1';
	};

	return (
		<>
			<button onClick$={() => (currentType.value = 'NEXT')}>CLICK</button>
			<A href={getStep(currentStep.value, currentType.value)} />
		</>
	);
});


============================= test.tsx_Cmp_component_4ryKJTOKjWE.js (ENTRY POINT)==

import { A } from "./componentA";
import { useSignal } from "@qwik.dev/core";
export const Cmp_component_4ryKJTOKjWE = () => {
	const currentStep = useSignal("STEP_1");
	const currentType = useSignal<"NEXT" | "PREVIOUS">("PREVIOUS");
	const getStep = (step: string, type: "NEXT" | "PREVIOUS") => {
		return step === "STEP_1" ? "STEP_2" : "STEP_1";
	};
	return _jsxSorted(_Fragment, null, null, [_jsxSorted("button", { "q:p": currentType }, { "q-e:click": () => currentType.value = "NEXT" }, "CLICK", 7, null), _jsxSorted(A, { href: getStep(currentStep.value, currentType.value) }, null, null, 3, "u6_1")], 1, "u6_0");
};;

/*
{
  "origin": "test.tsx",
  "name": "Cmp_component_4ryKJTOKjWE",
  "displayName": "test.tsx_Cmp_component",
  "hash": "4ryKJTOKjWE",
  "canonicalFilename": "test.tsx_Cmp_component_4ryKJTOKjWE",
  "path": "",
  "extension": "js",
  "ctxKind": "function",
  "ctxName": "component$",
  "captures": false,
  "loc": [
    111,
    518
  ]
}
*/

============================= test.js ==

import { _jsxSorted } from "@qwik.dev/core";
import { Fragment as _Fragment } from "@qwik.dev/core/jsx-runtime";
const q_Cmp_component_4ryKJTOKjWE = qrl(() => import("./test.tsx_Cmp_component_4ryKJTOKjWE"), "Cmp_component_4ryKJTOKjWE");
import { component$, useSignal } from "@qwik.dev/core";
import { A } from "./componentA";
export const Cmp = componentQrl(q_Cmp_component_4ryKJTOKjWE);


Some("{\"version\":3,\"names\":[\" component\",\" compone\",\" useSigna\",\"t { component$, useSignal }\",\"om \",\"component$\"],\"sources\":[\"test.tsx\"],\"sourcesContent\":[\"\nimport { component$, useSignal } from \\"@qwik.dev/core\\";\nimport { A } from \\"./componentA\\";\n\nexport const Cmp = component$(() => {\n\tconst currentStep = useSignal('STEP_1');\n\tconst currentType = useSignal<'NEXT' | 'PREVIOUS'>('PREVIOUS');\n\n\tconst getStep = (step: string, type: 'NEXT' | 'PREVIOUS') => {\n\t\treturn step === 'STEP_1' ? 'STEP_2' : 'STEP_1';\n\t};\n\n\treturn (\n\t\t<>\n\t\t\t<button onClick$={() => (currentType.value = 'NEXT')}>CLICK</button>\n\t\t\t<A href={getStep(currentStep.value, currentType.value)} />\n\t\t</>\n\t);\n});\n\"],\"mappings\":\"AAAA,SACQA,kBAAkB;AAD1B,SACQC,YAAYC,iBAAiB;AADrC,MACKC,8BAA8BC,UAAU,OAAO,yCAGlD,4BAA4B;AAH9B,SAAS,YAAY,iBAAiB;AACtC,SAAS,SAAS;AAElB,OAAO,MAAM,MAAMC,yCAcjB\"}")
== DIAGNOSTICS ==

[]
