---
source: packages/optimizer/core/src/test.rs
assertion_line: 0
expression: output
---
==INPUT==


import { formAction$ } from 'forms';
const x = 'module-level';
export const action = formAction$((data) => {
  label: {
    const x = 'shadowed';
    break label;
  }
  return {};
});
		

============================= test.tsx_action_formAction_dIQV5vh1He4.js (ENTRY POINT)==

const x = "module-level";
export const action_formAction_dIQV5vh1He4 = (data) => {
	label: {
		const x = "shadowed";
		break label;
	}
	return {};
};


Some("{\"version\":3,\"names\":[],\"sources\":[\"test.tsx_action_formAction_dIQV5vh1He4\"],\"sourcesContent\":[\"const x = \\"module-level\\";\nexport const action_formAction_dIQV5vh1He4 = (data) => {\n\tlabel: {\n\t\tconst x = \\"shadowed\\";\n\t\tbreak label;\n\t}\n\treturn {};\n};\"],\"mappings\":\"AAAA,MAAM,IAAI;AACV,OAAO,MAAM,iCAAiC,SAAS;AACtD,QAAO;EACN,MAAM,IAAI;AACV,QAAM;;AAEP,QAAO,EAAE\"}")
/*
{
  "origin": "test.tsx",
  "name": "action_formAction_dIQV5vh1He4",
  "entry": null,
  "displayName": "test.tsx_action_formAction",
  "hash": "dIQV5vh1He4",
  "canonicalFilename": "test.tsx_action_formAction_dIQV5vh1He4",
  "path": "",
  "extension": "js",
  "parent": null,
  "ctxKind": "function",
  "ctxName": "formAction$",
  "captures": false,
  "loc": [
    99,
    183
  ],
  "paramNames": [
    "data"
  ]
}
*/

============================= test.js ==

import { qrl } from "@qwik.dev/core";
//
const q_action_formAction_dIQV5vh1He4 = /*#__PURE__*/ qrl(() => import("./test.tsx_action_formAction_dIQV5vh1He4"), "action_formAction_dIQV5vh1He4");
//
export const action = formActionQrl(q_action_formAction_dIQV5vh1He4);

Some("{\"version\":3,\"names\":[\"t { formAction$ } from 'forms';\",\"formAction$\"],\"sources\":[\"test.tsx\"],\"sourcesContent\":[\"\nimport { formAction$ } from 'forms';\nconst x = 'module-level';\nexport const action = formAction$((data) => {\n  label: {\n    const x = 'shadowed';\n    break label;\n  }\n  return {};\n});\n\t\t\"],\"mappings\":\"AAAA,oBACmB;AADnB,MACKA,kCACW,0BAChB,OAAO,6CACD,gCAEL;AAHD,OAAO,MAAM,SAASC,8CAMpB\"}")
== DIAGNOSTICS ==

[]
