---
source: packages/optimizer/core/src/test.rs
assertion_line: 0
expression: output
---
==INPUT==


import { $ } from '@qwik.dev/core';
import { source } from 'lib';

const { a } = source;

export const handler = $(() => {
  console.log(a);
});

		

============================= test.tsx_handler_T7IDIUVU4lI.js (ENTRY POINT)==

export const handler_T7IDIUVU4lI = () => {
	console.log(a);
};


Some("{\"version\":3,\"names\":[],\"sources\":[\"test.tsx_handler_T7IDIUVU4lI\"],\"sourcesContent\":[\"export const handler_T7IDIUVU4lI = () => {\n\tconsole.log(a);\n};\"],\"mappings\":\"AAAA,OAAO,MAAM,4BAA4B;AACxC,SAAQ,IAAI,EAAE\"}")
/*
{
  "origin": "test.tsx",
  "name": "handler_T7IDIUVU4lI",
  "entry": null,
  "displayName": "test.tsx_handler",
  "hash": "T7IDIUVU4lI",
  "canonicalFilename": "test.tsx_handler_T7IDIUVU4lI",
  "path": "",
  "extension": "js",
  "parent": null,
  "ctxKind": "function",
  "ctxName": "$",
  "captures": false,
  "loc": [
    117,
    144
  ]
}
*/

============================= test.js ==

import { qrl } from "@qwik.dev/core";
const q_handler_T7IDIUVU4lI = /*#__PURE__*/ qrl(() => import("./test.tsx_handler_T7IDIUVU4lI"), "handler_T7IDIUVU4lI");
//
import { source } from "lib";
//
const { a } = source;
export const handler = Qrl(q_handler_T7IDIUVU4lI);
export { a as _auto_a };

Some("{\"version\":3,\"names\":[\"t { $ } from '@qwik.d\",\"$\"],\"sources\":[\"test.tsx\"],\"sourcesContent\":[\"\nimport { $ } from '@qwik.dev/core';\nimport { source } from 'lib';\n\nconst { a } = source;\n\nexport const handler = $(() => {\n  console.log(a);\n});\n\n\t\t\"],\"mappings\":\"AAAA,oBACmB;AADnB,MACKA,wBACE,0BAAU,OAAO,mCAInB,sBAAsB;AAJ3B,SAAS,cAAc;AAEvB,MAAM,EAAE,MAAM;AAEd,OAAO,MAAM,UAAUC,0BAErB;AARF\"}")
== DIAGNOSTICS ==

[]
