---
source: packages/optimizer/core/src/test.rs
assertion_line: 0
expression: output
---
==INPUT==


import { component$, useSignal } from "@qwik.dev/core";

export const FieldInput = component$(() => {
  const localValue = useSignal(false);

  return (
    <input
      bind:checked={localValue}
      onInput$={() => {
        console.log("test");
      }}
    />
  );
});


============================= test.tsx_FieldInput_component_V4XAtJSTRKg.js (ENTRY POINT)==

import { useSignal } from "@qwik.dev/core";
//
export const FieldInput_component_V4XAtJSTRKg = () => {
	const localValue = useSignal(false);
	return <input />;
};

/*
{
  "origin": "test.tsx",
  "name": "FieldInput_component_V4XAtJSTRKg",
  "entry": null,
  "displayName": "test.tsx_FieldInput_component",
  "hash": "V4XAtJSTRKg",
  "canonicalFilename": "test.tsx_FieldInput_component_V4XAtJSTRKg",
  "path": "",
  "extension": "js",
  "parent": null,
  "ctxKind": "function",
  "ctxName": "component$",
  "captures": false,
  "loc": [
    96,
    273
  ]
}
*/

============================= test.tsx_FieldInput_component_input_q_e_input_wqR1xEjZjf4.js (ENTRY POINT)==

export const FieldInput_component_input_q_e_input_wqR1xEjZjf4 = () => {
	console.log("test");
};


Some("{\"version\":3,\"names\":[],\"sources\":[\"test.tsx_FieldInput_component_input_q_e_input_wqR1xEjZjf4\"],\"sourcesContent\":[\"export const FieldInput_component_input_q_e_input_wqR1xEjZjf4 = () => {\n\tconsole.log(\\"test\\");\n};\"],\"mappings\":\"AAAA,OAAO,MAAM,yDAAyD;AACrE,SAAQ,IAAI,OAAO\"}")
/*
{
  "origin": "test.tsx",
  "name": "FieldInput_component_input_q_e_input_wqR1xEjZjf4",
  "entry": null,
  "displayName": "test.tsx_FieldInput_component_input_q_e_input",
  "hash": "wqR1xEjZjf4",
  "canonicalFilename": "test.tsx_FieldInput_component_input_q_e_input_wqR1xEjZjf4",
  "path": "",
  "extension": "js",
  "parent": "FieldInput_component_V4XAtJSTRKg",
  "ctxKind": "eventHandler",
  "ctxName": "onInput$",
  "captures": false,
  "loc": [
    214,
    258
  ]
}
*/

============================= test.js ==

import { _chk } from "@qwik.dev/core";
import { componentQrl } from "@qwik.dev/core";
import { qrl } from "@qwik.dev/core";
const q_FieldInput_component_input_q_e_input_wqR1xEjZjf4 = /*#__PURE__*/ qrl(() => import("./test.tsx_FieldInput_component_input_q_e_input_wqR1xEjZjf4"), "FieldInput_component_input_q_e_input_wqR1xEjZjf4");
const q_FieldInput_component_V4XAtJSTRKg = /*#__PURE__*/ qrl(() => import("./test.tsx_FieldInput_component_V4XAtJSTRKg"), "FieldInput_component_V4XAtJSTRKg");
//
import { component$, useSignal } from "@qwik.dev/core";
//
export const FieldInput = /*#__PURE__*/ componentQrl(q_FieldInput_component_V4XAtJSTRKg);

Some("{\"version\":3,\"names\":[\"t { component$, useSignal } from \\"@qwik.dev/core\\";\",\"t { component$, useSignal } from \\"\",\"component$\"],\"sources\":[\"test.tsx\"],\"sourcesContent\":[\"\nimport { component$, useSignal } from \\"@qwik.dev/core\\";\n\nexport const FieldInput = component$(() => {\n  const localValue = useSignal(false);\n\n  return (\n    <input\n      bind:checked={localValue}\n      onInput$={() => {\n        console.log(\\"test\\");\n      }}\n    />\n  );\n});\n\"],\"mappings\":\"AAAA,qBACoB;AADpB,6BAC4B;AAD5B,oBACmB;AADnB,MACKA,qDAEU,0BAAU,OAAO,gEAIhC,mDAEQ;AATR,MACKC,qCACL,0BACS,OAAO,gDACG,mCAGhB;AANH,SAAS,YAAY,iBAAiB;AAEtC,OAAO,MAAM,aAAaC,gDAWxB\"}")
== DIAGNOSTICS ==

[]
