---
source: packages/optimizer/core/src/test.rs
assertion_line: 0
expression: output
---
==INPUT==


import { component$ } from '@qwik.dev/core';

export default component$(() => {
  const loop: string[] = ['abcd', 'xyz'];
  return (
    <div>
      {loop.map((item, index) => {
        return <div onClick$={() => console.log(item)} onHover$={() => console.log(index)}>{item}</div>
      })}
    </div>
  );
});


============================= test.tsx_component_div_1_kVFSCv0p6H0.js (ENTRY POINT)==

import { _captures } from "@qwik.dev/core";
export const component_div_1_kVFSCv0p6H0 = () => {
	const index = _captures[0];
	return console.log(index);
	;
};


Some("{\"version\":3,\"names\":[],\"sources\":[\"test.tsx_component_div_1_kVFSCv0p6H0\"],\"sourcesContent\":[\"import { _captures } from \\"@qwik.dev/core\\";\nexport const component_div_1_kVFSCv0p6H0 = () => {\nconst index = _captures[0];\nreturn console.log(index);;\n};\"],\"mappings\":\"AAAA,SAAS,iBAAiB;AAC1B,OAAO,MAAM,oCAAoC;CACjD,MAAM,QAAQ,UAAU;AACxB,QAAO,QAAQ,IAAI,MAAM;AAAC\"}")
/*
{
  "origin": "test.tsx",
  "name": "component_div_1_kVFSCv0p6H0",
  "entry": null,
  "displayName": "test.tsx_component_div_1",
  "hash": "kVFSCv0p6H0",
  "canonicalFilename": "test.tsx_component_div_1_kVFSCv0p6H0",
  "path": "",
  "extension": "js",
  "parent": "component_ZUK1E201Ins",
  "ctxKind": "eventHandler",
  "ctxName": "onHover",
  "captures": true,
  "captureNames": [
    "index"
  ],
  "loc": [
    245,
    269
  ]
}
*/

============================= test.tsx_component_div_xgN6LizSsxg.js (ENTRY POINT)==

import { _captures } from "@qwik.dev/core";
export const component_div_xgN6LizSsxg = () => {
	const item = _captures[0];
	return console.log(item);
	;
};


Some("{\"version\":3,\"names\":[],\"sources\":[\"test.tsx_component_div_xgN6LizSsxg\"],\"sourcesContent\":[\"import { _captures } from \\"@qwik.dev/core\\";\nexport const component_div_xgN6LizSsxg = () => {\nconst item = _captures[0];\nreturn console.log(item);;\n};\"],\"mappings\":\"AAAA,SAAS,iBAAiB;AAC1B,OAAO,MAAM,kCAAkC;CAC/C,MAAM,OAAO,UAAU;AACvB,QAAO,QAAQ,IAAI,KAAK;AAAC\"}")
/*
{
  "origin": "test.tsx",
  "name": "component_div_xgN6LizSsxg",
  "entry": null,
  "displayName": "test.tsx_component_div",
  "hash": "xgN6LizSsxg",
  "canonicalFilename": "test.tsx_component_div_xgN6LizSsxg",
  "path": "",
  "extension": "js",
  "parent": "component_ZUK1E201Ins",
  "ctxKind": "eventHandler",
  "ctxName": "onClick",
  "captures": true,
  "captureNames": [
    "item"
  ],
  "loc": [
    210,
    233
  ]
}
*/

============================= test.tsx_component_ZUK1E201Ins.js (ENTRY POINT)==

const q_component_div_1_kVFSCv0p6H0 = qrl(() => import("./test.tsx_component_div_1_kVFSCv0p6H0"), "component_div_1_kVFSCv0p6H0", [index]);
const q_component_div_xgN6LizSsxg = qrl(() => import("./test.tsx_component_div_xgN6LizSsxg"), "component_div_xgN6LizSsxg", [item]);
export const component_ZUK1E201Ins = () => {
	const loop: string[] = ["abcd", "xyz"];
	return _jsxSorted("div", null, null, loop.map((item, index) => {
		return _jsxSorted("div", { "q:ps": [index, item] }, {
			"q-e:click": q_component_div_xgN6LizSsxg.w([item]),
			"q-e:hover": q_component_div_1_kVFSCv0p6H0.w([index])
		}, item, 7, null);
	}), 3, "u6_0");
};;

/*
{
  "origin": "test.tsx",
  "name": "component_ZUK1E201Ins",
  "entry": null,
  "displayName": "test.tsx_component",
  "hash": "ZUK1E201Ins",
  "canonicalFilename": "test.tsx_component_ZUK1E201Ins",
  "path": "",
  "extension": "js",
  "parent": null,
  "ctxKind": "function",
  "ctxName": "component$",
  "captures": false,
  "loc": [
    74,
    311
  ]
}
*/

============================= test.js ==

import { _jsxSorted } from "@qwik.dev/core";
const q_component_ZUK1E201Ins = qrl(() => import("./test.tsx_component_ZUK1E201Ins"), "component_ZUK1E201Ins");
import { component$ } from "@qwik.dev/core";
export default componentQrl(q_component_ZUK1E201Ins);


Some("{\"version\":3,\"names\":[\" component\",\"t { component$ } from '\",\"ik.\",\"component$\"],\"sources\":[\"test.tsx\"],\"sourcesContent\":[\"\nimport { component$ } from '@qwik.dev/core';\n\nexport default component$(() => {\n  const loop: string[] = ['abcd', 'xyz'];\n  return (\n    <div>\n      {loop.map((item, index) => {\n        return <div onClick$={() => console.log(item)} onHover$={() => console.log(index)}>{item}</div>\n      })}\n    </div>\n  );\n});\n\"],\"mappings\":\"AAAA,SACQA,kBAAkB;AAD1B,MACKC,0BAA0BC,UAAU,OAEvC,qCACG,wBAAwB;AAH7B,SAAS,kBAAkB;AAE3B,eAAeC,qCASb\"}")
== DIAGNOSTICS ==

[]
