---
source: packages/optimizer/core/src/test.rs
assertion_line: 0
expression: output
---
==INPUT==


import { formAction$ } from 'forms';
const x = 'module-level';
export const action = formAction$((data) => {
  switch (data.kind) {
    case 'a': {
      const x = 'shadowed-in-block';
      return x;
    }
    case 'b': {
      const x = 'shadowed-in-case';
      return x;
    }
  }
  return x;
});
		

============================= test.tsx_action_formAction_dIQV5vh1He4.js (ENTRY POINT)==

export const action_formAction_dIQV5vh1He4 = (data) => {
	switch (data.kind) {
		case "a": {
			const x = "shadowed-in-block";
			return x;
		}
		case "b": {
			const x = "shadowed-in-case";
			return x;
		}
	}
	return x;
};
;


Some("{\"version\":3,\"names\":[],\"sources\":[\"test.tsx_action_formAction_dIQV5vh1He4\"],\"sourcesContent\":[\"export const action_formAction_dIQV5vh1He4 = (data) => {\n\tswitch (data.kind) {\n\t\tcase \\"a\\": {\n\t\t\tconst x = \\"shadowed-in-block\\";\n\t\t\treturn x;\n\t\t}\n\t\tcase \\"b\\": {\n\t\t\tconst x = \\"shadowed-in-case\\";\n\t\t\treturn x;\n\t\t}\n\t}\n\treturn x;\n};;\"],\"mappings\":\"AAAA,OAAO,MAAM,iCAAiC,SAAS;AACtD,SAAQ,KAAK,MAAb;EACC,KAAK,KAAK;GACT,MAAM,IAAI;AACV,UAAO;;EAER,KAAK,KAAK;GACT,MAAM,IAAI;AACV,UAAO;;;AAGT,QAAO;;AACN\"}")
/*
{
  "origin": "test.tsx",
  "name": "action_formAction_dIQV5vh1He4",
  "entry": null,
  "displayName": "test.tsx_action_formAction",
  "hash": "dIQV5vh1He4",
  "canonicalFilename": "test.tsx_action_formAction_dIQV5vh1He4",
  "path": "",
  "extension": "js",
  "parent": null,
  "ctxKind": "function",
  "ctxName": "formAction$",
  "captures": false,
  "loc": [
    99,
    300
  ],
  "paramNames": [
    "data"
  ]
}
*/

============================= test.js ==

const q_action_formAction_dIQV5vh1He4 = qrl(() => import("./test.tsx_action_formAction_dIQV5vh1He4"), "action_formAction_dIQV5vh1He4");
import { formAction$ } from "forms";
const x = "module-level";
export const action = formActionQrl(q_action_formAction_dIQV5vh1He4);
export { x as _auto_x };


Some("{\"version\":3,\"names\":[\"t { formAction$ } from 'forms';\",\"formAction$\"],\"sources\":[\"test.tsx\"],\"sourcesContent\":[\"\nimport { formAction$ } from 'forms';\nconst x = 'module-level';\nexport const action = formAction$((data) => {\n  switch (data.kind) {\n    case 'a': {\n      const x = 'shadowed-in-block';\n      return x;\n    }\n    case 'b': {\n      const x = 'shadowed-in-case';\n      return x;\n    }\n  }\n  return x;\n});\n\t\t\"],\"mappings\":\"AAAA,MACKA,4CACO,OAAO,6CACmB,gCAErC;AAJD,SAAS,mBAAmB;AAC5B,MAAM,IAAI;AACV,OAAO,MAAM,SAASC,8CAYpB;AAfF\"}")
== DIAGNOSTICS ==

[]
