---
source: packages/optimizer/core/src/test.rs
assertion_line: 0
expression: output
---
==INPUT==


		import { component$, useComputed$, useTask$ } from '@qwik.dev/core'

		export default component$(({ color, ...props }) => {
		useComputed$(() => color)

		useTask$(() => {
			props.checked
		})

		return 'hi'
		})
		

============================= test.tsx ==

const q_component_useComputed_97haPIkKcj4 = _noopQrl("component_useComputed_97haPIkKcj4");
const q_component_useTask_q0Wg23FFwVQ = _noopQrl("component_useTask_q0Wg23FFwVQ");
const q_component_ZUK1E201Ins = _noopQrl("component_ZUK1E201Ins");
import { component$, useComputed$, useTask$ } from "@qwik.dev/core";
export default componentQrl(q_component_ZUK1E201Ins);


Some("{\"version\":3,\"names\":[\"ort { component$, useComputed$, use\",\"ort { component$, useComputed$,\",\"ort { component$, useCo\",\"component$\"],\"sources\":[\"test.tsx\"],\"sourcesContent\":[\"\n\t\timport { component$, useComputed$, useTask$ } from '@qwik.dev/core'\n\n\t\texport default component$(({ color, ...props }) => {\n\t\tuseComputed$(() => color)\n\n\t\tuseTask$(() => {\n\t\t\tprops.checked\n\t\t})\n\n\t\treturn 'hi'\n\t\t})\n\t\t\"],\"mappings\":\"AAAA,MACKA,+CAA+C,oCAEnC;AAHjB,MACKC,2CAA2C,gCAEvC;AAHT,MACKC,mCAAmC,wBAAwB;AAA9D,SAAS,YAAY,cAAc,gBAAgB;AAEnD,eAAeC,qCAQb\"}")
== DIAGNOSTICS ==

[]
