---
source: packages/optimizer/core/src/test.rs
assertion_line: 0
expression: output
---
==INPUT==


import { component$, $ } from '@qwik.dev/core';
import { CustomComponent } from './custom-component';
import { AnotherComponent } from './another-component';

export const Greeter = component$(() => {
	return (
		<div>
			<CustomComponent onClick$={() => {}}/>
			{array.map(item => (
				<AnotherComponent onClick$={() => {}}/>
			))}
		</div>
	)
});



============================= test.tsx_Greeter_component_n7HuG2hhU0Q.tsx (ENTRY POINT)==

import { AnotherComponent } from "./another-component";
import { CustomComponent } from "./custom-component";
//
export const Greeter_component_n7HuG2hhU0Q = () => {
	return <div>
			<CustomComponent />
			{array.map((item) => <AnotherComponent />)}
		</div>;
};

/*
{
  "origin": "test.tsx",
  "name": "Greeter_component_n7HuG2hhU0Q",
  "entry": null,
  "displayName": "test.tsx_Greeter_component",
  "hash": "n7HuG2hhU0Q",
  "canonicalFilename": "test.tsx_Greeter_component_n7HuG2hhU0Q",
  "path": "",
  "extension": "tsx",
  "parent": null,
  "ctxKind": "function",
  "ctxName": "component$",
  "captures": false,
  "loc": [
    195,
    351
  ]
}
*/

============================= test.tsx ==

import { componentQrl } from "@qwik.dev/core";
import { qrl } from "@qwik.dev/core";
const q_Greeter_component_n7HuG2hhU0Q = /*#__PURE__*/ qrl(() => import("./test.tsx_Greeter_component_n7HuG2hhU0Q"), "Greeter_component_n7HuG2hhU0Q");
//
import { CustomComponent } from "./custom-component";
import { AnotherComponent } from "./another-component";
//
export const Greeter = /*#__PURE__*/ componentQrl(q_Greeter_component_n7HuG2hhU0Q);

Some("{\"version\":3,\"names\":[\"t { component$, $ } from '@qwik\",\"component$\"],\"sources\":[\"test.tsx\"],\"sourcesContent\":[\"\nimport { component$, $ } from '@qwik.dev/core';\nimport { CustomComponent } from './custom-component';\nimport { AnotherComponent } from './another-component';\n\nexport const Greeter = component$(() => {\n\treturn (\n\t\t<div>\n\t\t\t<CustomComponent onClick$={() => {}}/>\n\t\t\t{array.map(item => (\n\t\t\t\t<AnotherComponent onClick$={() => {}}/>\n\t\t\t))}\n\t\t</div>\n\t)\n});\n\n\"],\"mappings\":\"AAAA,6BAC4B;AAD5B,oBACmB;AADnB,MACKA,kCACA,0BAAU,OAAO,6CACT,gCAAgC;AAD7C,SAAS,uBAAuB;AAChC,SAAS,wBAAwB;AAEjC,OAAO,MAAM,UAAUC,6CASrB\"}")
== DIAGNOSTICS ==

[]
