---
source: packages/optimizer/core/src/test.rs
assertion_line: 0
expression: output
---
==INPUT==


		import { component$ } from "@qwik.dev/core";

		// the count results in _fnSignal because of the rename
		// would be nice to consider it a prop too
		export default component$(({ message, id, count: c, ...rest }: Record<string, any>) => {
			const renders = useStore({ renders: 0 }, { reactive: false });
			renders.renders++;
			const rerenders = renders.renders + 0;
			return (
				<div id={id}>
					<span {...rest}>
					{message} {c}
					</span>
					<div class="renders">{rerenders}</div>
				</div>
			);
		}
		);
	

============================= test.tsx_test_component_LUXeXe0DQrg.js (ENTRY POINT)==

import { _restProps } from "@qwik.dev/core";
export const test_component_LUXeXe0DQrg = (_rawProps) => {
	const rest = _restProps(_rawProps, [
		"message",
		"id",
		"count"
	]);
	const _ref = {};
	_ref.message = _rawProps._ref.message;
	const { message } = _ref;
	const _ref = {};
	_ref.id = _rawProps._ref.id;
	const { id } = _ref;
	const c = _rawProps.count;
	const _ref = {};
	_ref.renders = useStore({ _ref.renders: 0 }, { reactive: false });
	const { renders } = _ref;
	renders.renders++;
	const rerenders = renders.renders + 0;
	return _jsxSorted("div", { id }, null, [_jsxSplit("span", { ..._getVarProps(rest) }, { ..._getConstProps(rest) }, [message, c], 0, null), _jsxSorted("div", null, { class: "renders" }, rerenders, 3, null)], 3, "u6_0");
};;

/*
{
  "origin": "test.tsx",
  "name": "test_component_LUXeXe0DQrg",
  "entry": null,
  "displayName": "test.tsx_test_component",
  "hash": "LUXeXe0DQrg",
  "canonicalFilename": "test.tsx_test_component_LUXeXe0DQrg",
  "path": "",
  "extension": "js",
  "parent": null,
  "ctxKind": "function",
  "ctxName": "component$",
  "captures": false,
  "loc": [
    181,
    522
  ],
  "paramNames": [
    "_rawProps"
  ]
}
*/

============================= test.js ==

import { _jsxSorted } from "@qwik.dev/core";
import { _getVarProps } from "@qwik.dev/core";
import { _getConstProps } from "@qwik.dev/core";
import { _jsxSplit } from "@qwik.dev/core";
const q_test_component_LUXeXe0DQrg = qrl(() => import("./test.tsx_test_component_LUXeXe0DQrg"), "test_component_LUXeXe0DQrg");
import { component$ } from "@qwik.dev/core";
// the count results in _fnSignal because of the rename
// would be nice to consider it a prop too
export default componentQrl(q_test_component_LUXeXe0DQrg);


Some("{\"version\":3,\"names\":[\"ort { component$ } from \\"@qw\",\"component$\"],\"sources\":[\"test.tsx\"],\"sourcesContent\":[\"\n\t\timport { component$ } from \\"@qwik.dev/core\\";\n\n\t\t// the count results in _fnSignal because of the rename\n\t\t// would be nice to consider it a prop too\n\t\texport default component$(({ message, id, count: c, ...rest }: Record<string, any>) => {\n\t\t\tconst renders = useStore({ renders: 0 }, { reactive: false });\n\t\t\trenders.renders++;\n\t\t\tconst rerenders = renders.renders + 0;\n\t\t\treturn (\n\t\t\t\t<div id={id}>\n\t\t\t\t\t<span {...rest}>\n\t\t\t\t\t{message} {c}\n\t\t\t\t\t</span>\n\t\t\t\t\t<div class=\\"renders\\">{rerenders}</div>\n\t\t\t\t</div>\n\t\t\t);\n\t\t}\n\t\t);\n\t\"],\"mappings\":\"AAAA,2BAC0B;AAD1B,6BAC4B;AAD5B,+BAC8B;AAD9B,0BACyB;AADzB,MACKA,yCAAyC,OAEzC,0CAA0C,6BAC7B;AAHhB,SAAS,kBAAkB;;;AAI3B,eAAeC,0CAad\"}")
== DIAGNOSTICS ==

[]
