---
source: packages/optimizer/core/src/test.rs
assertion_line: 0
expression: output
---
==INPUT==


		import { component$, useComputed$ } from '@qwik.dev/core';
		import { inlineTranslate } from 'translate-lib';

		export default component$(() => {
			const t = inlineTranslate();

			const productTitle = useComputed$(() => {
				return 'Test title';
			});

			return (
				<img 
					attr={t('home.imageAlt.founded-product:')}
					alt={`${t('home.imageAlt.founded-product:')} ${productTitle.value}`} />
			);
		});
		

============================= test.tsx_test_component_LUXeXe0DQrg.js (ENTRY POINT)==

import { inlineTranslate } from "translate-lib";
const q_test_component_productTitle_useComputed_ZVQVUkxqtiQ = qrl(() => import("./test.tsx_test_component_productTitle_useComputed_ZVQVUkxqtiQ"), "test_component_productTitle_useComputed_ZVQVUkxqtiQ");
export const test_component_LUXeXe0DQrg = () => {
	const t = inlineTranslate();
	const productTitle = useComputedQrl(q_test_component_productTitle_useComputed_ZVQVUkxqtiQ);
	return <img />;
};;

/*
{
  "origin": "test.tsx",
  "name": "test_component_LUXeXe0DQrg",
  "entry": null,
  "displayName": "test.tsx_test_component",
  "hash": "LUXeXe0DQrg",
  "canonicalFilename": "test.tsx_test_component_LUXeXe0DQrg",
  "path": "",
  "extension": "js",
  "parent": null,
  "ctxKind": "function",
  "ctxName": "component$",
  "captures": false,
  "loc": [
    143,
    418
  ]
}
*/

============================= test.tsx_test_component_productTitle_useComputed_ZVQVUkxqtiQ.js (ENTRY POINT)==

export const test_component_productTitle_useComputed_ZVQVUkxqtiQ = () => {
	return "Test title";
};
;


Some("{\"version\":3,\"names\":[],\"sources\":[\"test.tsx_test_component_productTitle_useComputed_ZVQVUkxqtiQ\"],\"sourcesContent\":[\"export const test_component_productTitle_useComputed_ZVQVUkxqtiQ = () => {\n\treturn \\"Test title\\";\n};;\"],\"mappings\":\"AAAA,OAAO,MAAM,4DAA4D;AACxE,QAAO;;AACN\"}")
/*
{
  "origin": "test.tsx",
  "name": "test_component_productTitle_useComputed_ZVQVUkxqtiQ",
  "entry": null,
  "displayName": "test.tsx_test_component_productTitle_useComputed",
  "hash": "ZVQVUkxqtiQ",
  "canonicalFilename": "test.tsx_test_component_productTitle_useComputed_ZVQVUkxqtiQ",
  "path": "",
  "extension": "js",
  "parent": "test_component_LUXeXe0DQrg",
  "ctxKind": "function",
  "ctxName": "useComputed$",
  "captures": false,
  "loc": [
    221,
    258
  ]
}
*/

============================= test.js ==

const q_test_component_LUXeXe0DQrg = qrl(() => import("./test.tsx_test_component_LUXeXe0DQrg"), "test_component_LUXeXe0DQrg");
import { component$, useComputed$ } from "@qwik.dev/core";
import { inlineTranslate } from "translate-lib";
export default componentQrl(q_test_component_LUXeXe0DQrg);


Some("{\"version\":3,\"names\":[\"ort { component$, useCompute\",\"component$\"],\"sources\":[\"test.tsx\"],\"sourcesContent\":[\"\n\t\timport { component$, useComputed$ } from '@qwik.dev/core';\n\t\timport { inlineTranslate } from 'translate-lib';\n\n\t\texport default component$(() => {\n\t\t\tconst t = inlineTranslate();\n\n\t\t\tconst productTitle = useComputed$(() => {\n\t\t\t\treturn 'Test title';\n\t\t\t});\n\n\t\t\treturn (\n\t\t\t\t<img \n\t\t\t\t\tattr={t('home.imageAlt.founded-product:')}\n\t\t\t\t\talt={`${t('home.imageAlt.founded-product:')} ${productTitle.value}`} />\n\t\t\t);\n\t\t});\n\t\t\"],\"mappings\":\"AAAA,MACKA,yCAAyC,OAAO,0CACnB,6BAEvB;AAHT,SAAS,YAAY,oBAAoB;AACzC,SAAS,uBAAuB;AAEhC,eAAeC,0CAYb\"}")
== DIAGNOSTICS ==

[]
