---
source: packages/optimizer/core/src/test.rs
assertion_line: 0
expression: output
---
==INPUT==


import { formAction$ } from 'forms';
import { translate } from 'i18n';

const t = translate();
export const action = formAction$((data) => {
  try {
    return { status: 'success' };
  } catch (err) {
    const t = translate();
    return { status: 'error', message: t('error-key') };
  }
});
		

============================= test.tsx_action_formAction_dIQV5vh1He4.js (ENTRY POINT)==

import { translate } from "i18n";
export const action_formAction_dIQV5vh1He4 = (data) => {
	try {
		return { status: "success" };
	} catch (err) {
		const t = translate();
		return {
			status: "error",
			message: t("error-key")
		};
	}
};
;


Some("{\"version\":3,\"names\":[],\"sources\":[\"test.tsx_action_formAction_dIQV5vh1He4\"],\"sourcesContent\":[\"import { translate } from \\"i18n\\";\nexport const action_formAction_dIQV5vh1He4 = (data) => {\n\ttry {\n\t\treturn { status: \\"success\\" };\n\t} catch (err) {\n\t\tconst t = translate();\n\t\treturn {\n\t\t\tstatus: \\"error\\",\n\t\t\tmessage: t(\\"error-key\\")\n\t\t};\n\t}\n};;\"],\"mappings\":\"AAAA,SAAS,iBAAiB;AAC1B,OAAO,MAAM,iCAAiC,SAAS;AACtD,KAAI;AACH,SAAO,EAAE,QAAQ,WAAW;UACpB,KAAK;EACb,MAAM,IAAI,WAAW;AACrB,SAAO;GACN,QAAQ;GACR,SAAS,EAAE,YAAY;GACvB;;;AAED\"}")
/*
{
  "origin": "test.tsx",
  "name": "action_formAction_dIQV5vh1He4",
  "entry": null,
  "displayName": "test.tsx_action_formAction",
  "hash": "dIQV5vh1He4",
  "canonicalFilename": "test.tsx_action_formAction_dIQV5vh1He4",
  "path": "",
  "extension": "js",
  "parent": null,
  "ctxKind": "function",
  "ctxName": "formAction$",
  "captures": false,
  "loc": [
    131,
    292
  ],
  "paramNames": [
    "data"
  ]
}
*/

============================= test.js ==

const q_action_formAction_dIQV5vh1He4 = qrl(() => import("./test.tsx_action_formAction_dIQV5vh1He4"), "action_formAction_dIQV5vh1He4");
import { formAction$ } from "forms";
import { translate } from "i18n";
const t = translate();
export const action = formActionQrl(q_action_formAction_dIQV5vh1He4);
export { t as _auto_t };


Some("{\"version\":3,\"names\":[\"t { formAction$ } from 'forms';\",\"formAction$\"],\"sources\":[\"test.tsx\"],\"sourcesContent\":[\"\nimport { formAction$ } from 'forms';\nimport { translate } from 'i18n';\n\nconst t = translate();\nexport const action = formAction$((data) => {\n  try {\n    return { status: 'success' };\n  } catch (err) {\n    const t = translate();\n    return { status: 'error', message: t('error-key') };\n  }\n});\n\t\t\"],\"mappings\":\"AAAA,MACKA,4CACO,OAAO,6CAGb,gCAAgC;AAJtC,SAAS,mBAAmB;AAC5B,SAAS,iBAAiB;AAE1B,MAAM,IAAI,WAAW;AACrB,OAAO,MAAM,SAASC,8CAOpB;AAZF\"}")
== DIAGNOSTICS ==

[]
