---
source: packages/optimizer/core/src/test.rs
assertion_line: 0
expression: output
---
==INPUT==


import { component$, useSignal } from "@qwik.dev/core";
import { A } from "./componentA";

export const Cmp = component$(() => {
	const currentStep = useSignal('STEP_1');
	const currentType = useSignal<'NEXT' | 'PREVIOUS'>('PREVIOUS');

	const getStep = (step: string, type: 'NEXT' | 'PREVIOUS') => {
		return step === 'STEP_1' ? 'STEP_2' : 'STEP_1';
	};

	return (
		<>
			<button onClick$={() => (currentType.value = 'NEXT')}>CLICK</button>
			<A href={getStep(currentStep.value, currentType.value)} />
		</>
	);
});


============================= test.tsx_Cmp_component_button_q_e_click_0O0tA6ahzDQ.js (ENTRY POINT)==

import { _captures } from "@qwik.dev/core";
//
export const Cmp_component_button_q_e_click_0O0tA6ahzDQ = () => {
	const currentType = _captures[0];
	return currentType.value = "NEXT";
};

Some("{\"version\":3,\"names\":[],\"sources\":[\"test.tsx_Cmp_component_button_q_e_click_0O0tA6ahzDQ\"],\"sourcesContent\":[\"import { _captures } from \\"@qwik.dev/core\\";\nexport const Cmp_component_button_q_e_click_0O0tA6ahzDQ = () => {\nconst currentType = _captures[0];\nreturn currentType.value = \\"NEXT\\";\n};\"],\"mappings\":\"AAAA,SAAS,iBAAiB;AAC1B,OAAO,MAAM,mDAAmD;CAChE,MAAM,cAAc,UAAU;AAC9B,QAAO,YAAY,QAAQ\"}")
/*
{
  "origin": "test.tsx",
  "name": "Cmp_component_button_q_e_click_0O0tA6ahzDQ",
  "entry": null,
  "displayName": "test.tsx_Cmp_component_button_q_e_click",
  "hash": "0O0tA6ahzDQ",
  "canonicalFilename": "test.tsx_Cmp_component_button_q_e_click_0O0tA6ahzDQ",
  "path": "",
  "extension": "js",
  "parent": "Cmp_component_4ryKJTOKjWE",
  "ctxKind": "eventHandler",
  "ctxName": "onClick$",
  "captures": true,
  "captureNames": [
    "currentType"
  ],
  "loc": [
    394,
    428
  ],
  "paramNames": [
    "_",
    "_1",
    "currentType"
  ]
}
*/

============================= test.tsx_Cmp_component_4ryKJTOKjWE.js (ENTRY POINT)==

import { Fragment as _Fragment } from "@qwik.dev/core/jsx-runtime";
import { _jsxSorted } from "@qwik.dev/core";
import { qrl } from "@qwik.dev/core";
import { A } from "./componentA";
import { useSignal } from "@qwik.dev/core";
//
const q_Cmp_component_button_q_e_click_0O0tA6ahzDQ = /*#__PURE__*/ qrl(() => import("./test.tsx_Cmp_component_button_q_e_click_0O0tA6ahzDQ"), "Cmp_component_button_q_e_click_0O0tA6ahzDQ", [currentType]);
//
export const Cmp_component_4ryKJTOKjWE = () => {
	const currentStep = useSignal("STEP_1");
	const currentType = useSignal<"NEXT" | "PREVIOUS">("PREVIOUS");
	const getStep = (step: string, type: "NEXT" | "PREVIOUS") => {
		return step === "STEP_1" ? "STEP_2" : "STEP_1";
	};
	return /*#__PURE__*/ _jsxSorted(_Fragment, null, null, [/*#__PURE__*/ _jsxSorted("button", { "q:p": currentType }, { "q-e:click": q_Cmp_component_button_q_e_click_0O0tA6ahzDQ.w([currentType]) }, "CLICK", 7, null), /*#__PURE__*/ _jsxSorted(A, { href: getStep(currentStep.value, currentType.value) }, null, null, 3, "u6_1")], 1, "u6_0");
};

/*
{
  "origin": "test.tsx",
  "name": "Cmp_component_4ryKJTOKjWE",
  "entry": null,
  "displayName": "test.tsx_Cmp_component",
  "hash": "4ryKJTOKjWE",
  "canonicalFilename": "test.tsx_Cmp_component_4ryKJTOKjWE",
  "path": "",
  "extension": "js",
  "parent": null,
  "ctxKind": "function",
  "ctxName": "component$",
  "captures": false,
  "loc": [
    123,
    518
  ]
}
*/

============================= test.js ==

import { componentQrl } from "@qwik.dev/core";
import { qrl } from "@qwik.dev/core";
//
const q_Cmp_component_4ryKJTOKjWE = /*#__PURE__*/ qrl(() => import("./test.tsx_Cmp_component_4ryKJTOKjWE"), "Cmp_component_4ryKJTOKjWE");
//
export const Cmp = /*#__PURE__*/ componentQrl(q_Cmp_component_4ryKJTOKjWE);

Some("{\"version\":3,\"names\":[\"t { component$, useSignal }\",\"component$\"],\"sources\":[\"test.tsx\"],\"sourcesContent\":[\"\nimport { component$, useSignal } from \\"@qwik.dev/core\\";\nimport { A } from \\"./componentA\\";\n\nexport const Cmp = component$(() => {\n\tconst currentStep = useSignal('STEP_1');\n\tconst currentType = useSignal<'NEXT' | 'PREVIOUS'>('PREVIOUS');\n\n\tconst getStep = (step: string, type: 'NEXT' | 'PREVIOUS') => {\n\t\treturn step === 'STEP_1' ? 'STEP_2' : 'STEP_1';\n\t};\n\n\treturn (\n\t\t<>\n\t\t\t<button onClick$={() => (currentType.value = 'NEXT')}>CLICK</button>\n\t\t\t<A href={getStep(currentStep.value, currentType.value)} />\n\t\t</>\n\t);\n});\n\"],\"mappings\":\"AAAA,6BAC4B;AAD5B,oBACmB;AADnB,MACKA,8BAA4C,0BAC9C,OAAO,yCAEM,4BACV;AADN,OAAO,MAAM,MAAMC,yCAcjB\"}")
== DIAGNOSTICS ==

[]
