---
source: packages/optimizer/core/src/test.rs
assertion_line: 0
expression: output
---
==INPUT==


import { $ } from '@qwik.dev/core';

const shared = {
  id: 'abc',
};

export function readShared() {
  return shared.id;
}

export const handler = $(() => {
  console.log(shared.id);
});

		

============================= test.tsx_handler_T7IDIUVU4lI.js (ENTRY POINT)==

export const handler_T7IDIUVU4lI = () => {
	console.log(shared.id);
};
;


Some("{\"version\":3,\"names\":[],\"sources\":[\"test.tsx_handler_T7IDIUVU4lI\"],\"sourcesContent\":[\"export const handler_T7IDIUVU4lI = () => {\n\tconsole.log(shared.id);\n};;\"],\"mappings\":\"AAAA,OAAO,MAAM,4BAA4B;AACxC,SAAQ,IAAI,OAAO,GAAG;;AACrB\"}")
/*
{
  "origin": "test.tsx",
  "name": "handler_T7IDIUVU4lI",
  "entry": null,
  "displayName": "test.tsx_handler",
  "hash": "T7IDIUVU4lI",
  "canonicalFilename": "test.tsx_handler_T7IDIUVU4lI",
  "path": "",
  "extension": "js",
  "parent": null,
  "ctxKind": "function",
  "ctxName": "$",
  "captures": false,
  "loc": [
    152,
    187
  ]
}
*/

============================= test.js ==

const q_handler_T7IDIUVU4lI = qrl(() => import("./test.tsx_handler_T7IDIUVU4lI"), "handler_T7IDIUVU4lI");
import { $ } from "@qwik.dev/core";
const shared = { id: "abc" };
export function readShared() {
	return shared.id;
}
export const handler = Qrl(q_handler_T7IDIUVU4lI);
export { shared as _auto_shared };


Some("{\"version\":3,\"names\":[\"t { $ } from '@qwik.d\",\"$\"],\"sources\":[\"test.tsx\"],\"sourcesContent\":[\"\nimport { $ } from '@qwik.dev/core';\n\nconst shared = {\n  id: 'abc',\n};\n\nexport function readShared() {\n  return shared.id;\n}\n\nexport const handler = $(() => {\n  console.log(shared.id);\n});\n\n\t\t\"],\"mappings\":\"AAAA,MACKA,kCAEH,OAAO,mCAIC,sBACT;AAPD,SAAS,SAAS;AAElB,MAAM,SAAS,EACb,IAAI,OACL;AAED,OAAO,SAAS,aAAa;AAC3B,QAAO,OAAO;;AAGhB,OAAO,MAAM,UAAUC,0BAErB;AAbF\"}")
== DIAGNOSTICS ==

[]
