---
source: packages/optimizer/core/src/test.rs
assertion_line: 0
expression: output
---
==INPUT==


import { component$, useSignal } from '@qwik.dev/core';

export default component$(() => {
  const arr = useSignal(['a', 'b']);
  return (
    <div>
      {arr.value.map((val, i) => {
        const index = i + 1;
        return (
          <div
            onClick$={() => console.log(index)}
            onKeyDown$={() => console.log('no capture')}
          >
            {val}
          </div>
        );
      })}
    </div>
  );
});


============================= test.tsx_test_component_div_div_q_e_key_down_AVMRAm2LgFU.js (ENTRY POINT)==

export const test_component_div_div_q_e_key_down_AVMRAm2LgFU = () => console.log("no capture");
;


Some("{\"version\":3,\"names\":[],\"sources\":[\"test.tsx_test_component_div_div_q_e_key_down_AVMRAm2LgFU\"],\"sourcesContent\":[\"export const test_component_div_div_q_e_key_down_AVMRAm2LgFU = () => console.log(\\"no capture\\");;\"],\"mappings\":\"AAAA,OAAO,MAAM,wDAAwD,QAAQ,IAAI,aAAa;AAAC\"}")
/*
{
  "origin": "test.tsx",
  "name": "test_component_div_div_q_e_key_down_AVMRAm2LgFU",
  "entry": null,
  "displayName": "test.tsx_test_component_div_div_q_e_key_down",
  "hash": "AVMRAm2LgFU",
  "canonicalFilename": "test.tsx_test_component_div_div_q_e_key_down_AVMRAm2LgFU",
  "path": "",
  "extension": "js",
  "parent": "test_component_LUXeXe0DQrg",
  "ctxKind": "eventHandler",
  "ctxName": "onKeyDown$",
  "captures": false,
  "loc": [
    319,
    350
  ],
  "paramNames": [
    "_",
    "_1",
    "_2"
  ]
}
*/

============================= test.tsx_test_component_LUXeXe0DQrg.js (ENTRY POINT)==

import { useSignal } from "@qwik.dev/core";
export const test_component_LUXeXe0DQrg = () => {
	const arr = useSignal(["a", "b"]);
	return <div>
      {arr.value.map((val, i) => {
		const index = i + 1;
		return <div>
            {val}
          </div>;
	})}
    </div>;
};;

/*
{
  "origin": "test.tsx",
  "name": "test_component_LUXeXe0DQrg",
  "entry": null,
  "displayName": "test.tsx_test_component",
  "hash": "LUXeXe0DQrg",
  "canonicalFilename": "test.tsx_test_component_LUXeXe0DQrg",
  "path": "",
  "extension": "js",
  "parent": null,
  "ctxKind": "function",
  "ctxName": "component$",
  "captures": false,
  "loc": [
    85,
    437
  ]
}
*/

============================= test.tsx_test_component_div_div_q_e_click_Mc600uqO6ps.js (ENTRY POINT)==

import { _captures } from "@qwik.dev/core";
export const test_component_div_div_q_e_click_Mc600uqO6ps = () => {
	const index = _captures[0];
	return console.log(index);
	;
};


Some("{\"version\":3,\"names\":[],\"sources\":[\"test.tsx_test_component_div_div_q_e_click_Mc600uqO6ps\"],\"sourcesContent\":[\"import { _captures } from \\"@qwik.dev/core\\";\nexport const test_component_div_div_q_e_click_Mc600uqO6ps = () => {\nconst index = _captures[0];\nreturn console.log(index);;\n};\"],\"mappings\":\"AAAA,SAAS,iBAAiB;AAC1B,OAAO,MAAM,qDAAqD;CAClE,MAAM,QAAQ,UAAU;AACxB,QAAO,QAAQ,IAAI,MAAM;AAAC\"}")
/*
{
  "origin": "test.tsx",
  "name": "test_component_div_div_q_e_click_Mc600uqO6ps",
  "entry": null,
  "displayName": "test.tsx_test_component_div_div_q_e_click",
  "hash": "Mc600uqO6ps",
  "canonicalFilename": "test.tsx_test_component_div_div_q_e_click_Mc600uqO6ps",
  "path": "",
  "extension": "js",
  "parent": "test_component_LUXeXe0DQrg",
  "ctxKind": "eventHandler",
  "ctxName": "onClick$",
  "captures": true,
  "captureNames": [
    "index"
  ],
  "loc": [
    269,
    293
  ],
  "paramNames": [
    "_",
    "_1",
    "index"
  ]
}
*/

============================= test.js ==

const q_test_component_div_div_q_e_click_Mc600uqO6ps = qrl(() => import("./test.tsx_test_component_div_div_q_e_click_Mc600uqO6ps"), "test_component_div_div_q_e_click_Mc600uqO6ps", [index]);
const q_test_component_div_div_q_e_key_down_AVMRAm2LgFU = qrl(() => import("./test.tsx_test_component_div_div_q_e_key_down_AVMRAm2LgFU"), "test_component_div_div_q_e_key_down_AVMRAm2LgFU");
const q_test_component_LUXeXe0DQrg = qrl(() => import("./test.tsx_test_component_LUXeXe0DQrg"), "test_component_LUXeXe0DQrg");
import { component$, useSignal } from "@qwik.dev/core";
export default componentQrl(q_test_component_LUXeXe0DQrg);


Some("{\"version\":3,\"names\":[\"t { component$, useSignal } from '@qwik.dev/co\",\"t { component$, useSignal } from '@qwik.dev/core'\",\"t { component$, useSignal } \",\"component$\"],\"sources\":[\"test.tsx\"],\"sourcesContent\":[\"\nimport { component$, useSignal } from '@qwik.dev/core';\n\nexport default component$(() => {\n  const arr = useSignal(['a', 'b']);\n  return (\n    <div>\n      {arr.value.map((val, i) => {\n        const index = i + 1;\n        return (\n          <div\n            onClick$={() => console.log(index)}\n            onKeyDown$={() => console.log('no capture')}\n          >\n            {val}\n          </div>\n        );\n      })}\n    </div>\n  );\n});\n\"],\"mappings\":\"AAAA,MACKA,2DAEE,OAAO,4DAEX,gDAE2B,OAC5B,CAAC;AARH,MACKC,8DAEK,OAAO,+DAER,kDAGN;AARH,MACKC,yCAAyC,OAAO,0CAGjD,6BAA6B;AAHjC,SAAS,YAAY,iBAAiB;AAEtC,eAAeC,0CAiBb\"}")
== DIAGNOSTICS ==

[]
