---
source: packages/optimizer/core/src/test.rs
assertion_line: 0
expression: output
---
==INPUT==


import { component$ } from '@qwik.dev/core';
export const Greeter = component$(() => <div/>)


============================= components/apps/apps.tsx_Greeter_component_0jjOvx068y0.ts (ENTRY POINT)==

import { _jsxSorted } from "@qwik.dev/core";
//
export const Greeter_component_0jjOvx068y0 = () => /*#__PURE__*/ _jsxSorted("div", null, null, null, 3, "KD_0");

Some("{\"version\":3,\"names\":[],\"sources\":[\"apps.tsx_Greeter_component_0jjOvx068y0\"],\"sourcesContent\":[\"import { _jsxSorted } from \\"@qwik.dev/core\\";\nexport const Greeter_component_0jjOvx068y0 = () => _jsxSorted(\\"div\\", null, null, null, 3, \\"KD_0\\");\"],\"mappings\":\"AAAA,SAAS,kBAAkB;AAC3B,OAAO,MAAM,sCAAsC,WAAW,OAAO,MAAM,MAAM,MAAM,GAAG,OAAO\"}")
/*
{
  "origin": "components/apps/apps.tsx",
  "name": "Greeter_component_0jjOvx068y0",
  "entry": null,
  "displayName": "apps.tsx_Greeter_component",
  "hash": "0jjOvx068y0",
  "canonicalFilename": "apps.tsx_Greeter_component_0jjOvx068y0",
  "path": "components/apps",
  "extension": "ts",
  "parent": null,
  "ctxKind": "function",
  "ctxName": "component$",
  "captures": false,
  "loc": [
    81,
    93
  ]
}
*/

============================= components/apps/apps.ts ==

import { componentQrl } from "@qwik.dev/core";
import { qrl } from "@qwik.dev/core";
//
const q_Greeter_component_0jjOvx068y0 = /*#__PURE__*/ qrl(() => import("./apps.tsx_Greeter_component_0jjOvx068y0"), "Greeter_component_0jjOvx068y0");
//
export const Greeter = /*#__PURE__*/ componentQrl(q_Greeter_component_0jjOvx068y0);

Some("{\"version\":3,\"names\":[\"t { component$ } from '@qwik.de\",\"component$\"],\"sources\":[\"components\\apps\\apps.tsx\"],\"sourcesContent\":[\"\nimport { component$ } from '@qwik.dev/core';\nexport const Greeter = component$(() => <div/>)\n\"],\"mappings\":\"AAAA,6BAC4B;AAD5B,oBACmB;AADnB,MACKA,kCACG,0BAAU,OAAO,6CACH;AADtB,OAAO,MAAM,UAAUC,6CAAwB\"}")
== DIAGNOSTICS ==

[]
