---
source: packages/optimizer/core/src/test.rs
assertion_line: 0
expression: output
---
==INPUT==


import { component$ } from '@qwik.dev/core';
export const Greeter = component$(() => <div/>)


============================= components/apps/apps.tsx_Greeter_component_0jjOvx068y0.ts (ENTRY POINT)==

export const Greeter_component_0jjOvx068y0 = () => <div />;;

/*
{
  "origin": "components/apps/apps.tsx",
  "name": "Greeter_component_0jjOvx068y0",
  "entry": null,
  "displayName": "apps.tsx_Greeter_component",
  "hash": "0jjOvx068y0",
  "canonicalFilename": "apps.tsx_Greeter_component_0jjOvx068y0",
  "path": "components/apps",
  "extension": "ts",
  "parent": null,
  "ctxKind": "function",
  "ctxName": "component$",
  "captures": false,
  "loc": [
    81,
    93
  ]
}
*/

============================= components/apps/apps.ts ==

const q_Greeter_component_0jjOvx068y0 = qrl(() => import("./apps.tsx_Greeter_component_0jjOvx068y0"), "Greeter_component_0jjOvx068y0");
import { component$ } from "@qwik.dev/core";
export const Greeter = componentQrl(q_Greeter_component_0jjOvx068y0);


Some("{\"version\":3,\"names\":[\"t { component$ } from '@qwik.de\",\"component$\"],\"sources\":[\"components\\apps\\apps.tsx\"],\"sourcesContent\":[\"\nimport { component$ } from '@qwik.dev/core';\nexport const Greeter = component$(() => <div/>)\n\"],\"mappings\":\"AAAA,MACKA,4CACD,OAAO,6CACH;AAFR,SAAS,kBAAkB;AAC3B,OAAO,MAAM,UAAUC,6CAAwB\"}")
== DIAGNOSTICS ==

[]
