---
source: packages/optimizer/core/src/test.rs
assertion_line: 0
expression: output
---
==INPUT==


		import { component$, $ } from '@qwik.dev/core';
		export const Cmp = component$(() =>
			<Cmp foo={$(() => console.log('hi there'))}>Hello Qwik</Cmp>);
		

============================= test.tsx_Cmp_component_4ryKJTOKjWE.ts (ENTRY POINT)==

import { _captures } from "@qwik.dev/core";
import { Cmp } from "./test";
const q_Cmp_component_Cmp_foo_iPpdemxi0uE = qrl(() => import("./test.tsx_Cmp_component_Cmp_foo_iPpdemxi0uE"), "Cmp_component_Cmp_foo_iPpdemxi0uE");
export const Cmp_component_4ryKJTOKjWE = () => {
	const Cmp = _captures[0];
	return _jsxSorted(Cmp, { foo: Qrl(q_Cmp_component_Cmp_foo_iPpdemxi0uE) }, null, "Hello Qwik", 3, "u6_0");
	;
};


Some("{\"version\":3,\"names\":[],\"sources\":[\"test.tsx_Cmp_component_4ryKJTOKjWE\"],\"sourcesContent\":[\"import { _captures } from \\"@qwik.dev/core\\";\nimport { Cmp } from \\"./test\\";\nconst q_Cmp_component_Cmp_foo_iPpdemxi0uE = qrl(() => import(\\"./test.tsx_Cmp_component_Cmp_foo_iPpdemxi0uE\\"), \\"Cmp_component_Cmp_foo_iPpdemxi0uE\\");\nexport const Cmp_component_4ryKJTOKjWE = () => {\nconst Cmp = _captures[0];\nreturn _jsxSorted(Cmp, { foo: Qrl(q_Cmp_component_Cmp_foo_iPpdemxi0uE) }, null, \\"Hello Qwik\\", 3, \\"u6_0\\");;\n};\"],\"mappings\":\"AAAA,SAAS,iBAAiB;AAC1B,SAAS,WAAW;AACpB,MAAM,sCAAsC,UAAU,OAAO,iDAAiD,oCAAoC;AAClJ,OAAO,MAAM,kCAAkC;CAC/C,MAAM,MAAM,UAAU;AACtB,QAAO,WAAW,KAAK,EAAE,KAAK,IAAI,oCAAoC,EAAE,EAAE,MAAM,cAAc,GAAG,OAAO;AAAC\"}")
/*
{
  "origin": "test.tsx",
  "name": "Cmp_component_4ryKJTOKjWE",
  "displayName": "test.tsx_Cmp_component",
  "hash": "4ryKJTOKjWE",
  "canonicalFilename": "test.tsx_Cmp_component_4ryKJTOKjWE",
  "path": "",
  "extension": "ts",
  "ctxKind": "function",
  "ctxName": "component$",
  "captures": true,
  "captureNames": [
    "Cmp"
  ],
  "loc": [
    72,
    153
  ]
}
*/

============================= test.tsx_Cmp_component_Cmp_foo_iPpdemxi0uE.ts (ENTRY POINT)==

export const Cmp_component_Cmp_foo_iPpdemxi0uE = () => console.log("hi there");
;


Some("{\"version\":3,\"names\":[],\"sources\":[\"test.tsx_Cmp_component_Cmp_foo_iPpdemxi0uE\"],\"sourcesContent\":[\"export const Cmp_component_Cmp_foo_iPpdemxi0uE = () => console.log(\\"hi there\\");;\"],\"mappings\":\"AAAA,OAAO,MAAM,0CAA0C,QAAQ,IAAI,WAAW;AAAC\"}")
/*
{
  "origin": "test.tsx",
  "name": "Cmp_component_Cmp_foo_iPpdemxi0uE",
  "displayName": "test.tsx_Cmp_component_Cmp_foo",
  "hash": "iPpdemxi0uE",
  "canonicalFilename": "test.tsx_Cmp_component_Cmp_foo_iPpdemxi0uE",
  "path": "",
  "extension": "ts",
  "parent": "component$",
  "ctxKind": "function",
  "ctxName": "$",
  "captures": false,
  "loc": [
    102,
    134
  ]
}
*/

============================= test.ts ==

import { _jsxSorted } from "@qwik.dev/core";
const q_Cmp_component_4ryKJTOKjWE = qrl(() => import("./test.tsx_Cmp_component_4ryKJTOKjWE"), "Cmp_component_4ryKJTOKjWE", [Cmp]);
import { component$, $ } from "@qwik.dev/core";
export const Cmp = componentQrl(q_Cmp_component_4ryKJTOKjWE.w([Cmp]));


Some("{\"version\":3,\"names\":[\" { compone\",\"ort { component$, $ } from \",\"wik\",\"i t\",\"component$\"],\"sources\":[\"test.tsx\"],\"sourcesContent\":[\"\n\t\timport { component$, $ } from '@qwik.dev/core';\n\t\texport const Cmp = component$(() =>\n\t\t\t<Cmp foo={$(() => console.log('hi there'))}>Hello Qwik</Cmp>);\n\t\t\"],\"mappings\":\"AAAA,SACQA,kBAAkB;AAD1B,MACKC,8BAA8BC,UAAU,OAC3C,yCACG,6BAA6B,CAACC,IAAI,CAAC;AAFtC,SAAS,YAAY,SAAS;AAC9B,OAAO,MAAM,MAAMC,kDAC2C\"}")
== DIAGNOSTICS ==

[]
